
==== M1: Monte Carlo and nonlinear spot checks ====
  started 2026-10-03 22:11:27 on MATLAB 25.1.0.2973910 (R2025a) Update 1, code commit 96e9b0a
  results in C:\Users\amird\OneDrive\Documents\EEE4022S\Analysis\test_repo\Inverse Mapping\Parameter Inversion\Results\M1

  working tree clean (.m files): the code that runs is commit 96e9b0a

Stage 1: 4 case(s); analytic targets from the frozen engine, checked against their source studies
  1 D1_ns2             s6 + s18 with reference s18 on the D1 grid (33 points; the cached D1 field), lsm6dsv16x
      analytic sigma [0.4630% 0.1101%], d_W 0.2164, kappa 43.2, Identifiable, 84 of 84 bins (2 s)
      source D1: sigma [0.4630% 0.1101%], d_W 0.2164, Identifiable -> rel. sigma 4.4e-16, d_W 6.9e-13  PASS
  2 A1_miz_R25_h1      miz_R25_h1 (miz), p = [0.0002459 0.007328 0.2048], band 4.051 to 8.301 rad/s, scale 64.94
      analytic sigma [1.0054% 0.1841%], d_W 0.1268, kappa 36.5, Marginal, 69 of 69 bins (1 s)
      source A1: sigma [1.0054% 0.1841%], d_W 0.1268, Marginal -> rel. sigma 0.0e+00, d_W 0.0e+00  PASS
  3 R2_wp3.5_gJ7       wp3.5_gJ7: JONSWAP omega_p 3.5, gamma_J 7, Hs 0.05030 m (fixed in-band variance), L = 2048
      analytic sigma [0.7663% 0.1412%], d_W 0.2209, kappa 117, Identifiable, 84 of 84 bins (1 s)
      source R2: sigma [0.7663% 0.1412%], d_W 0.2209, Identifiable -> rel. sigma 0.0e+00, d_W 0.0e+00  PASS
  4 R1_p0_lsm6dsv16x   E1 default (p0, Level 2C, reference s26) at lsm6dsv16x, R1 sea
      analytic sigma [0.3554% 0.0672%], d_W 0.3090, kappa 99.4, Identifiable, 84 of 84 bins (1 s)
      source R1: sigma [0.3554% 0.0672%], d_W 0.3090, Identifiable -> rel. sigma 0.0e+00, d_W 0.0e+00  PASS
  all targets reproduce their source studies

Stage 2-3: 100 records per case (200 if borderline); linearised estimate with the analytic J, Sigma, F
  1 D1_ns2: no checkpoint
      record 1: 0.5 s; 99 records to go, about 1 min
      10 / 100 records (4 s), checkpoint saved
      20 / 100 records (8 s), checkpoint saved
      30 / 100 records (12 s), checkpoint saved
      40 / 100 records (16 s), checkpoint saved
      50 / 100 records (20 s), checkpoint saved
      60 / 100 records (24 s), checkpoint saved
      70 / 100 records (28 s), checkpoint saved
      80 / 100 records (32 s), checkpoint saved
      90 / 100 records (36 s), checkpoint saved
      100 / 100 records (40 s), checkpoint saved
      100 records: emp/pred [1.042 +- 0.074, 1.080 +- 0.077]  PASS; coverage 68% 0.650, 95% 0.960  PASS; mean q 2.09 (2 + d_W^2 = 2.05)
      mean offset [+0.1024% +0.0245%] +- [0.0483% 0.0119%], Welch-expected [+0.0968% +0.0132%]: consistent; records with rejected bins 0
  2 A1_miz_R25_h1: no checkpoint
      record 1: 0.2 s; 99 records to go, about 0 min
      10 / 100 records (2 s), checkpoint saved
      20 / 100 records (4 s), checkpoint saved
      30 / 100 records (6 s), checkpoint saved
      40 / 100 records (8 s), checkpoint saved
      50 / 100 records (10 s), checkpoint saved
      60 / 100 records (12 s), checkpoint saved
      70 / 100 records (14 s), checkpoint saved
      80 / 100 records (16 s), checkpoint saved
      90 / 100 records (18 s), checkpoint saved
      100 / 100 records (20 s), checkpoint saved
      borderline at 100 records (emp/pred): extended to 200
      record 101: 0.2 s; 99 records to go, about 0 min
      110 / 200 records (2 s), checkpoint saved
      120 / 200 records (4 s), checkpoint saved
      130 / 200 records (6 s), checkpoint saved
      140 / 200 records (8 s), checkpoint saved
      150 / 200 records (10 s), checkpoint saved
      160 / 200 records (12 s), checkpoint saved
      170 / 200 records (14 s), checkpoint saved
      180 / 200 records (16 s), checkpoint saved
      190 / 200 records (18 s), checkpoint saved
      200 / 200 records (20 s), checkpoint saved
      200 records: emp/pred [1.078 +- 0.054, 1.091 +- 0.055]  PASS; coverage 68% 0.635, 95% 0.925  PASS; mean q 2.36 (2 + d_W^2 = 2.02)
      mean offset [-0.0130% -0.0360%] +- [0.0766% 0.0142%], Welch-expected [+0.0078% -0.0206%]: consistent; records with rejected bins 0
  3 R2_wp3.5_gJ7: no checkpoint
      record 1: 0.2 s; 99 records to go, about 0 min
      10 / 100 records (2 s), checkpoint saved
      20 / 100 records (4 s), checkpoint saved
      30 / 100 records (6 s), checkpoint saved
      40 / 100 records (8 s), checkpoint saved
      50 / 100 records (10 s), checkpoint saved
      60 / 100 records (12 s), checkpoint saved
      70 / 100 records (14 s), checkpoint saved
      80 / 100 records (16 s), checkpoint saved
      90 / 100 records (18 s), checkpoint saved
      100 / 100 records (20 s), checkpoint saved
      borderline at 100 records (coverage): extended to 200
      record 101: 0.2 s; 99 records to go, about 0 min
      110 / 200 records (2 s), checkpoint saved
      120 / 200 records (4 s), checkpoint saved
      130 / 200 records (6 s), checkpoint saved
      140 / 200 records (8 s), checkpoint saved
      150 / 200 records (10 s), checkpoint saved
      160 / 200 records (12 s), checkpoint saved
      170 / 200 records (14 s), checkpoint saved
      180 / 200 records (16 s), checkpoint saved
      190 / 200 records (18 s), checkpoint saved
      200 / 200 records (20 s), checkpoint saved
      200 records: emp/pred [1.006 +- 0.050, 0.957 +- 0.048]  PASS; coverage 68% 0.670, 95% 0.965  PASS; mean q 2.00 (2 + d_W^2 = 2.05)
      mean offset [+0.2159% +0.0260%] +- [0.0545% 0.0096%], Welch-expected [+0.1432% +0.0141%]: consistent; records with rejected bins 0
  4 R1_p0_lsm6dsv16x: no checkpoint
      record 1: 0.2 s; 99 records to go, about 0 min
      10 / 100 records (2 s), checkpoint saved
      20 / 100 records (4 s), checkpoint saved
      30 / 100 records (6 s), checkpoint saved
      40 / 100 records (8 s), checkpoint saved
      50 / 100 records (10 s), checkpoint saved
      60 / 100 records (12 s), checkpoint saved
      70 / 100 records (14 s), checkpoint saved
      80 / 100 records (16 s), checkpoint saved
      90 / 100 records (18 s), checkpoint saved
      100 / 100 records (20 s), checkpoint saved
      100 records: emp/pred [0.939 +- 0.067, 0.993 +- 0.071]  PASS; coverage 68% 0.680, 95% 0.940  PASS; mean q 2.03 (2 + d_W^2 = 2.10)
      mean offset [+0.1334% +0.0136%] +- [0.0334% 0.0067%], Welch-expected [+0.0987% +0.0107%]: consistent; records with rejected bins 0

Stage 4: record 1 of each case inverted from beta x 0.80 and 1.20 (R true), G3 solver and settings
  D1_ns2 beta x 0.80: converged in 4 it (2 J recomputes, 19 model evals, 619 s); chi2/dof 0.941;
      NL - lin [-0.001 -0.002] sigma, NL - truth [+0.33 +1.05] sigma  PASS
      about 72 min for the remaining 7 inversion(s)
  D1_ns2 beta x 1.20: converged in 3 it (1 J recomputes, 13 model evals, 408 s); chi2/dof 0.941;
      NL - lin [+0.000 +0.000] sigma, NL - truth [+0.34 +1.06] sigma  PASS
  A1_miz_R25_h1 beta x 0.80: converged in 4 it (1 J recomputes, 14 model evals, 441 s); chi2/dof 1.058;
      NL - lin [+0.018 +0.002] sigma, NL - truth [+1.49 -0.79] sigma  PASS
  A1_miz_R25_h1 beta x 1.20: converged in 3 it (1 J recomputes, 13 model evals, 408 s); chi2/dof 1.058;
      NL - lin [+0.018 +0.003] sigma, NL - truth [+1.49 -0.79] sigma  PASS
  R2_wp3.5_gJ7 beta x 0.80: converged in 4 it (1 J recomputes, 14 model evals, 441 s); chi2/dof 0.945;
      NL - lin [-0.006 +0.000] sigma, NL - truth [-0.94 -1.04] sigma  PASS
  R2_wp3.5_gJ7 beta x 1.20: converged in 3 it (1 J recomputes, 13 model evals, 407 s); chi2/dof 0.945;
      NL - lin [-0.001 +0.002] sigma, NL - truth [-0.94 -1.04] sigma  PASS
  R1_p0_lsm6dsv16x beta x 0.80: converged in 5 it (3 J recomputes, 26 model evals, 848 s); chi2/dof 0.882;
      NL - lin [-0.002 -0.004] sigma, NL - truth [-0.25 -0.81] sigma  PASS
  R1_p0_lsm6dsv16x beta x 1.20: converged in 5 it (3 J recomputes, 26 model evals, 847 s); chi2/dof 0.882;
      NL - lin [-0.002 -0.004] sigma, NL - truth [-0.25 -0.81] sigma  PASS

Verdict (emp/pred in [0.85, 1.20], 95% coverage in [0.88, 0.99], nonlinear within 0.2 sigma of linearised)
  D1_ns2             n 100  emp/pred [1.042 1.080] PASS  cov95 0.960 PASS  nonlinear PASS  =>  PASS
  A1_miz_R25_h1      n 200  emp/pred [1.078 1.091] PASS  cov95 0.925 PASS  nonlinear PASS  =>  PASS
  R2_wp3.5_gJ7       n 200  emp/pred [1.006 0.957] PASS  cov95 0.965 PASS  nonlinear PASS  =>  PASS
  R1_p0_lsm6dsv16x   n 100  emp/pred [0.939 0.993] PASS  cov95 0.940 PASS  nonlinear PASS  =>  PASS
  table saved: C:\Users\amird\OneDrive\Documents\EEE4022S\Analysis\test_repo\Inverse Mapping\Parameter Inversion\Results\M1\M1_analytic.csv
  table saved: C:\Users\amird\OneDrive\Documents\EEE4022S\Analysis\test_repo\Inverse Mapping\Parameter Inversion\Results\M1\M1_summary.csv
  table saved: C:\Users\amird\OneDrive\Documents\EEE4022S\Analysis\test_repo\Inverse Mapping\Parameter Inversion\Results\M1\M1_records.csv
  table saved: C:\Users\amird\OneDrive\Documents\EEE4022S\Analysis\test_repo\Inverse Mapping\Parameter Inversion\Results\M1\M1_nonlinear.csv

M1: Monte Carlo and nonlinear spot checks
run 20261003_221127, MATLAB 25.1.0.2973910 (R2025a) Update 1, code commit 96e9b0a, 4571 s

M1: Monte Carlo and nonlinear spot checks of the analytic (E1) predictions
run 20261003_221127, MATLAB 25.1.0.2973910 (R2025a) Update 1, code commit 96e9b0a

Acceptance (pre-registered): emp/pred in [0.85, 1.20]; 95% coverage of q in [0.88, 0.99]; nonlinear converged and within 0.2 sigma of the linearised estimate (both starts).

D1_ns2 (D1 optimum at n_s = 2 (s6, reference s18)): PASS
  predicted sigma [0.4630% 0.1101%], d_W 0.216, Identifiable; 100 records (not borderline at 100 records)
  emp/pred [1.042 +- 0.074, 1.080 +- 0.077]; coverage 68% 0.650, 95% 0.960; mean q 2.09 (2 + d_W^2 = 2.05)
  mean offset [+0.1024% +0.0245%] +- [0.0483% 0.0119%] vs Welch-expected [+0.0968% +0.0132%]: consistent (3 SE)
  nonlinear from beta x 0.80: converged, 4 it, NL - lin [-0.001 -0.002] sigma, chi2/dof 0.941
  nonlinear from beta x 1.20: converged, 3 it, NL - lin [+0.000 +0.000] sigma, chi2/dof 0.941

A1_miz_R25_h1 (A1 case nearest the Identifiable/Marginal boundary): PASS
  predicted sigma [1.0054% 0.1841%], d_W 0.127, Marginal; 200 records (borderline at 100 records (emp/pred): extended to 200)
  emp/pred [1.078 +- 0.054, 1.091 +- 0.055]; coverage 68% 0.635, 95% 0.925; mean q 2.36 (2 + d_W^2 = 2.02)
  mean offset [-0.0130% -0.0360%] +- [0.0766% 0.0142%] vs Welch-expected [+0.0078% -0.0206%]: consistent (3 SE)
  nonlinear from beta x 0.80: converged, 4 it, NL - lin [+0.018 +0.002] sigma, chi2/dof 1.058
  nonlinear from beta x 1.20: converged, 3 it, NL - lin [+0.018 +0.003] sigma, chi2/dof 1.058

R2_wp3.5_gJ7 (R2 case by cfg.R2.m1Rule): PASS
  predicted sigma [0.7663% 0.1412%], d_W 0.221, Identifiable; 200 records (borderline at 100 records (coverage): extended to 200)
  emp/pred [1.006 +- 0.050, 0.957 +- 0.048]; coverage 68% 0.670, 95% 0.965; mean q 2.00 (2 + d_W^2 = 2.05)
  mean offset [+0.2159% +0.0260%] +- [0.0545% 0.0096%] vs Welch-expected [+0.1432% +0.0141%]: consistent (3 SE)
  nonlinear from beta x 0.80: converged, 4 it, NL - lin [-0.006 +0.000] sigma, chi2/dof 0.945
  nonlinear from beta x 1.20: converged, 3 it, NL - lin [-0.001 +0.002] sigma, chi2/dof 0.945

R1_p0_lsm6dsv16x (p0 at LSM6DSV16X noise): PASS
  predicted sigma [0.3554% 0.0672%], d_W 0.309, Identifiable; 100 records (not borderline at 100 records)
  emp/pred [0.939 +- 0.067, 0.993 +- 0.071]; coverage 68% 0.680, 95% 0.940; mean q 2.03 (2 + d_W^2 = 2.10)
  mean offset [+0.1334% +0.0136%] +- [0.0334% 0.0067%] vs Welch-expected [+0.0987% +0.0107%]: consistent (3 SE)
  nonlinear from beta x 0.80: converged, 5 it, NL - lin [-0.002 -0.004] sigma, chi2/dof 0.882
  nonlinear from beta x 1.20: converged, 5 it, NL - lin [-0.002 -0.004] sigma, chi2/dof 0.882

Files written by this run:
  M1_analytic.csv
  M1_nonlinear.csv
  M1_records.csv
  M1_summary.csv

  saved C:\Users\amird\OneDrive\Documents\EEE4022S\Analysis\test_repo\Inverse Mapping\Parameter Inversion\Results\M1\M1_20261003_221127.mat and _summary.txt
