
==== D3: Direction-robust sensor count and layout ====
  started 2026-10-05 15:56:48 on MATLAB 25.1.0.2973910 (R2025a) Update 1, code commit e2b057e
  results in C:\Users\amird\OneDrive\Documents\EEE4022S\Analysis\test_repo\Inverse Mapping\Parameter Inversion\Results\D3

  working tree clean (.m files): the code that runs is commit e2b057e
  n_s = 2: 528 admissible layouts (closed under 45 deg rotation)
  n_s = 3: 5456 admissible layouts (closed under 45 deg rotation)
  n_s = 4: 40920 admissible layouts (closed under 45 deg rotation)

Step 1: one field at 10 grid copies ([0 7 7.5 8 22 22.5 23 37 37.5 38] deg), 330 points
      emmField 1/5  nominal      loaded    29 nodes     1.1 s
      emmField 2/5  ln beta + h  loaded    29 nodes     0.6 s
      emmField 3/5  ln beta - h  loaded    29 nodes     0.6 s
      emmField 4/5  ln R + h     loaded    29 nodes     0.6 s
      emmField 5/5  ln R - h     loaded    29 nodes     0.6 s
  field ready (4 s); 84 retained bins, N_eff 59.7

Step 2 (D3a, lsm6dsv16x): heading 0 known (D1), then delta = [7.5 22.5 37.5] deg with psi as nuisance
      lsm6dsv16x heading 0 n_s = 2:  25% of 528 layouts (0 s)
      lsm6dsv16x heading 0 n_s = 2:  50% of 528 layouts (0 s)
      lsm6dsv16x heading 0 n_s = 2:  75% of 528 layouts (0 s)
      lsm6dsv16x heading 0 n_s = 2: 100% of 528 layouts (0 s)
      lsm6dsv16x heading 0 n_s = 3:  25% of 5456 layouts (1 s)
      lsm6dsv16x heading 0 n_s = 3:  50% of 5456 layouts (1 s)
      lsm6dsv16x heading 0 n_s = 3:  75% of 5456 layouts (2 s)
      lsm6dsv16x heading 0 n_s = 3: 100% of 5456 layouts (3 s)
      lsm6dsv16x heading 0 n_s = 4:  25% of 40920 layouts (8 s)
      lsm6dsv16x heading 0 n_s = 4:  50% of 40920 layouts (16 s)
      lsm6dsv16x heading 0 n_s = 4:  75% of 40920 layouts (24 s)
      lsm6dsv16x heading 0 n_s = 4: 100% of 40920 layouts (32 s)
      lsm6dsv16x delta 7.5 n_s = 2:  25% of 528 layouts (0 s)
      lsm6dsv16x delta 7.5 n_s = 2:  50% of 528 layouts (0 s)
      lsm6dsv16x delta 7.5 n_s = 2:  75% of 528 layouts (0 s)
      lsm6dsv16x delta 7.5 n_s = 2: 100% of 528 layouts (0 s)
      lsm6dsv16x delta 7.5 n_s = 3:  25% of 5456 layouts (1 s)
      lsm6dsv16x delta 7.5 n_s = 3:  50% of 5456 layouts (2 s)
      lsm6dsv16x delta 7.5 n_s = 3:  75% of 5456 layouts (3 s)
      lsm6dsv16x delta 7.5 n_s = 3: 100% of 5456 layouts (3 s)
      lsm6dsv16x delta 7.5 n_s = 4:  25% of 40920 layouts (12 s)
      lsm6dsv16x delta 7.5 n_s = 4:  50% of 40920 layouts (25 s)
      lsm6dsv16x delta 7.5 n_s = 4:  75% of 40920 layouts (37 s)
      lsm6dsv16x delta 7.5 n_s = 4: 100% of 40920 layouts (50 s)
      lsm6dsv16x delta 22.5 n_s = 2:  25% of 528 layouts (0 s)
      lsm6dsv16x delta 22.5 n_s = 2:  50% of 528 layouts (0 s)
      lsm6dsv16x delta 22.5 n_s = 2:  75% of 528 layouts (0 s)
      lsm6dsv16x delta 22.5 n_s = 2: 100% of 528 layouts (0 s)
      lsm6dsv16x delta 22.5 n_s = 3:  25% of 5456 layouts (1 s)
      lsm6dsv16x delta 22.5 n_s = 3:  50% of 5456 layouts (2 s)
      lsm6dsv16x delta 22.5 n_s = 3:  75% of 5456 layouts (3 s)
      lsm6dsv16x delta 22.5 n_s = 3: 100% of 5456 layouts (3 s)
      lsm6dsv16x delta 22.5 n_s = 4:  25% of 40920 layouts (13 s)
      lsm6dsv16x delta 22.5 n_s = 4:  50% of 40920 layouts (25 s)
      lsm6dsv16x delta 22.5 n_s = 4:  75% of 40920 layouts (38 s)
      lsm6dsv16x delta 22.5 n_s = 4: 100% of 40920 layouts (50 s)
      lsm6dsv16x delta 37.5 n_s = 2:  25% of 528 layouts (0 s)
      lsm6dsv16x delta 37.5 n_s = 2:  50% of 528 layouts (0 s)
      lsm6dsv16x delta 37.5 n_s = 2:  75% of 528 layouts (0 s)
      lsm6dsv16x delta 37.5 n_s = 2: 100% of 528 layouts (0 s)
      lsm6dsv16x delta 37.5 n_s = 3:  25% of 5456 layouts (1 s)
      lsm6dsv16x delta 37.5 n_s = 3:  50% of 5456 layouts (2 s)
      lsm6dsv16x delta 37.5 n_s = 3:  75% of 5456 layouts (3 s)
      lsm6dsv16x delta 37.5 n_s = 3: 100% of 5456 layouts (3 s)
      lsm6dsv16x delta 37.5 n_s = 4:  25% of 40920 layouts (13 s)
      lsm6dsv16x delta 37.5 n_s = 4:  50% of 40920 layouts (25 s)
      lsm6dsv16x delta 37.5 n_s = 4:  75% of 40920 layouts (37 s)
      lsm6dsv16x delta 37.5 n_s = 4: 100% of 40920 layouts (50 s)
  n_s = 2 (528 layouts, 0 Identifiable at every heading):
    robustMean  s6+s26           mean A 2.024e-04, worst A 8.040e-04 | sigma_lnb worst 2.801% (known 2.601%), mean 1.290%; worst class Marginal; eff mean 1.000, worst 1.000
    robustWorst s2+s30           mean A 2.024e-04, worst A 8.040e-04 | sigma_lnb worst 2.801% (known 2.601%), mean 1.290%; worst class Marginal; eff mean 1.000, worst 1.000
    D1          s6+s18           mean A 3.905e-04, worst A 2.766e-03 | sigma_lnb worst 5.184% (known 5.176%), mean 1.585%; worst class Not identifiable; eff mean 0.518, worst 0.291
  n_s = 3 (5456 layouts, 740 Identifiable at every heading):
    robustMean  s19+s21+s24      mean A 2.768e-05, worst A 3.991e-05 | sigma_lnb worst 0.602% (known 0.588%), mean 0.504%; worst class Identifiable; eff mean 1.000, worst 1.000
    robustWorst s18+s20+s23      mean A 2.768e-05, worst A 3.991e-05 | sigma_lnb worst 0.602% (known 0.588%), mean 0.504%; worst class Identifiable; eff mean 1.000, worst 1.000
    D1          s6+s14+s18       mean A 1.927e-04, worst A 1.194e-03 | sigma_lnb worst 3.398% (known 3.059%), mean 1.153%; worst class Marginal; eff mean 0.144, worst 0.033
  n_s = 4 (40920 layouts, 21760 Identifiable at every heading):
    robustMean  s10+s20+s24+s30  mean A 1.742e-05, worst A 2.399e-05 | sigma_lnb worst 0.484% (known 0.482%), mean 0.406%; worst class Identifiable; eff mean 1.000, worst 0.813
    robustWorst s18+s20+s22+s24  mean A 1.765e-05, worst A 1.951e-05 | sigma_lnb worst 0.434% (known 0.433%), mean 0.397%; worst class Identifiable; eff mean 0.987, worst 1.000
    D1          s6+s14+s18+s26   mean A 9.451e-05, worst A 4.805e-04 | sigma_lnb worst 2.166% (known 2.160%), mean 0.859%; worst class Marginal; eff mean 0.184, worst 0.041
    Level2C     s2+s6+s14+s26    mean A 6.606e-05, worst A 2.161e-04 | sigma_lnb worst 1.451% (known 1.451%), mean 0.759%; worst class Marginal; eff mean 0.264, worst 0.090
  D1 gate: heading-0 n_s = 2 optimum s6+s18 ref s18 (D1: s6+s18 ref s18) OK
  count rule (worst-case optimum): sigma_lnb worst [2.801 0.6024 0.4341] %, gain [NaN 0.785 0.279], recommended n_s (D3a) = 3

Step 2 (D3a, icm42688p): heading 0 known (D1), then delta = [7.5 22.5 37.5] deg with psi as nuisance
      icm42688p heading 0 n_s = 2:  25% of 528 layouts (0 s)
      icm42688p heading 0 n_s = 2:  50% of 528 layouts (0 s)
      icm42688p heading 0 n_s = 2:  75% of 528 layouts (0 s)
      icm42688p heading 0 n_s = 2: 100% of 528 layouts (0 s)
      icm42688p heading 0 n_s = 3:  25% of 5456 layouts (1 s)
      icm42688p heading 0 n_s = 3:  50% of 5456 layouts (1 s)
      icm42688p heading 0 n_s = 3:  75% of 5456 layouts (2 s)
      icm42688p heading 0 n_s = 3: 100% of 5456 layouts (3 s)
      icm42688p heading 0 n_s = 4:  25% of 40920 layouts (8 s)
      icm42688p heading 0 n_s = 4:  50% of 40920 layouts (16 s)
      icm42688p heading 0 n_s = 4:  75% of 40920 layouts (24 s)
      icm42688p heading 0 n_s = 4: 100% of 40920 layouts (32 s)
      icm42688p delta 7.5 n_s = 2:  25% of 528 layouts (0 s)
      icm42688p delta 7.5 n_s = 2:  50% of 528 layouts (0 s)
      icm42688p delta 7.5 n_s = 2:  75% of 528 layouts (0 s)
      icm42688p delta 7.5 n_s = 2: 100% of 528 layouts (0 s)
      icm42688p delta 7.5 n_s = 3:  25% of 5456 layouts (1 s)
      icm42688p delta 7.5 n_s = 3:  50% of 5456 layouts (2 s)
      icm42688p delta 7.5 n_s = 3:  75% of 5456 layouts (3 s)
      icm42688p delta 7.5 n_s = 3: 100% of 5456 layouts (3 s)
      icm42688p delta 7.5 n_s = 4:  25% of 40920 layouts (12 s)
      icm42688p delta 7.5 n_s = 4:  50% of 40920 layouts (25 s)
      icm42688p delta 7.5 n_s = 4:  75% of 40920 layouts (37 s)
      icm42688p delta 7.5 n_s = 4: 100% of 40920 layouts (50 s)
      icm42688p delta 22.5 n_s = 2:  25% of 528 layouts (0 s)
      icm42688p delta 22.5 n_s = 2:  50% of 528 layouts (0 s)
      icm42688p delta 22.5 n_s = 2:  75% of 528 layouts (0 s)
      icm42688p delta 22.5 n_s = 2: 100% of 528 layouts (0 s)
      icm42688p delta 22.5 n_s = 3:  25% of 5456 layouts (1 s)
      icm42688p delta 22.5 n_s = 3:  50% of 5456 layouts (2 s)
      icm42688p delta 22.5 n_s = 3:  75% of 5456 layouts (3 s)
      icm42688p delta 22.5 n_s = 3: 100% of 5456 layouts (3 s)
      icm42688p delta 22.5 n_s = 4:  25% of 40920 layouts (13 s)
      icm42688p delta 22.5 n_s = 4:  50% of 40920 layouts (25 s)
      icm42688p delta 22.5 n_s = 4:  75% of 40920 layouts (37 s)
      icm42688p delta 22.5 n_s = 4: 100% of 40920 layouts (50 s)
      icm42688p delta 37.5 n_s = 2:  25% of 528 layouts (0 s)
      icm42688p delta 37.5 n_s = 2:  50% of 528 layouts (0 s)
      icm42688p delta 37.5 n_s = 2:  75% of 528 layouts (0 s)
      icm42688p delta 37.5 n_s = 2: 100% of 528 layouts (0 s)
      icm42688p delta 37.5 n_s = 3:  25% of 5456 layouts (1 s)
      icm42688p delta 37.5 n_s = 3:  50% of 5456 layouts (2 s)
      icm42688p delta 37.5 n_s = 3:  75% of 5456 layouts (3 s)
      icm42688p delta 37.5 n_s = 3: 100% of 5456 layouts (3 s)
      icm42688p delta 37.5 n_s = 4:  25% of 40920 layouts (13 s)
      icm42688p delta 37.5 n_s = 4:  50% of 40920 layouts (25 s)
      icm42688p delta 37.5 n_s = 4:  75% of 40920 layouts (37 s)
      icm42688p delta 37.5 n_s = 4: 100% of 40920 layouts (50 s)
  n_s = 2 (528 layouts, 0 Identifiable at every heading):
    robustMean  s2+s30           mean A 3.829e-04, worst A 1.532e-03 | sigma_lnb worst 3.867% (known 3.590%), mean 1.772%; worst class Marginal; eff mean 1.000, worst 1.000
    robustWorst s2+s30           mean A 3.829e-04, worst A 1.532e-03 | sigma_lnb worst 3.867% (known 3.590%), mean 1.772%; worst class Marginal; eff mean 1.000, worst 1.000
    D1          s6+s18           mean A 7.433e-04, worst A 5.290e-03 | sigma_lnb worst 7.169% (known 7.158%), mean 2.182%; worst class Not identifiable; eff mean 0.515, worst 0.290
  n_s = 3 (5456 layouts, 168 Identifiable at every heading):
    robustMean  s19+s22+s24      mean A 5.176e-05, worst A 7.411e-05 | sigma_lnb worst 0.821% (known 0.801%), mean 0.690%; worst class Identifiable; eff mean 1.000, worst 1.000
    robustWorst s18+s20+s23      mean A 5.176e-05, worst A 7.411e-05 | sigma_lnb worst 0.821% (known 0.801%), mean 0.690%; worst class Identifiable; eff mean 1.000, worst 1.000
    D1          s6+s14+s18       mean A 3.656e-04, worst A 2.277e-03 | sigma_lnb worst 4.693% (known 4.224%), mean 1.584%; worst class Marginal; eff mean 0.142, worst 0.033
  n_s = 4 (40920 layouts, 9992 Identifiable at every heading):
    robustMean  s17+s19+s23+s29  mean A 3.236e-05, worst A 4.452e-05 | sigma_lnb worst 0.659% (known 0.656%), mean 0.554%; worst class Identifiable; eff mean 1.000, worst 0.810
    robustWorst s18+s20+s22+s24  mean A 3.276e-05, worst A 3.607e-05 | sigma_lnb worst 0.590% (known 0.589%), mean 0.540%; worst class Identifiable; eff mean 0.988, worst 1.000
    D1          s6+s14+s18+s26   mean A 1.782e-04, worst A 9.156e-04 | sigma_lnb worst 2.990% (known 2.981%), mean 1.177%; worst class Marginal; eff mean 0.182, worst 0.039
    Level2C     s2+s6+s14+s26    mean A 1.249e-04, worst A 4.117e-04 | sigma_lnb worst 2.003% (known 2.002%), mean 1.042%; worst class Marginal; eff mean 0.259, worst 0.088
  count rule (worst-case optimum): sigma_lnb worst [3.867 0.821 0.5901] %, gain [NaN 0.788 0.281], recommended n_s (D3a) = 3

Step 2 (D3a, g3): heading 0 known (D1), then delta = [7.5 22.5 37.5] deg with psi as nuisance
      g3 heading 0 n_s = 2:  25% of 528 layouts (0 s)
      g3 heading 0 n_s = 2:  50% of 528 layouts (0 s)
      g3 heading 0 n_s = 2:  75% of 528 layouts (0 s)
      g3 heading 0 n_s = 2: 100% of 528 layouts (0 s)
      g3 heading 0 n_s = 3:  25% of 5456 layouts (1 s)
      g3 heading 0 n_s = 3:  50% of 5456 layouts (1 s)
      g3 heading 0 n_s = 3:  75% of 5456 layouts (2 s)
      g3 heading 0 n_s = 3: 100% of 5456 layouts (3 s)
      g3 heading 0 n_s = 4:  25% of 40920 layouts (8 s)
      g3 heading 0 n_s = 4:  50% of 40920 layouts (16 s)
      g3 heading 0 n_s = 4:  75% of 40920 layouts (24 s)
      g3 heading 0 n_s = 4: 100% of 40920 layouts (32 s)
      g3 delta 7.5 n_s = 2:  25% of 528 layouts (0 s)
      g3 delta 7.5 n_s = 2:  50% of 528 layouts (0 s)
      g3 delta 7.5 n_s = 2:  75% of 528 layouts (0 s)
      g3 delta 7.5 n_s = 2: 100% of 528 layouts (0 s)
      g3 delta 7.5 n_s = 3:  25% of 5456 layouts (1 s)
      g3 delta 7.5 n_s = 3:  50% of 5456 layouts (2 s)
      g3 delta 7.5 n_s = 3:  75% of 5456 layouts (3 s)
      g3 delta 7.5 n_s = 3: 100% of 5456 layouts (3 s)
      g3 delta 7.5 n_s = 4:  25% of 40920 layouts (12 s)
      g3 delta 7.5 n_s = 4:  50% of 40920 layouts (25 s)
      g3 delta 7.5 n_s = 4:  75% of 40920 layouts (37 s)
      g3 delta 7.5 n_s = 4: 100% of 40920 layouts (50 s)
      g3 delta 22.5 n_s = 2:  25% of 528 layouts (0 s)
      g3 delta 22.5 n_s = 2:  50% of 528 layouts (0 s)
      g3 delta 22.5 n_s = 2:  75% of 528 layouts (0 s)
      g3 delta 22.5 n_s = 2: 100% of 528 layouts (0 s)
      g3 delta 22.5 n_s = 3:  25% of 5456 layouts (1 s)
      g3 delta 22.5 n_s = 3:  50% of 5456 layouts (2 s)
      g3 delta 22.5 n_s = 3:  75% of 5456 layouts (3 s)
      g3 delta 22.5 n_s = 3: 100% of 5456 layouts (3 s)
      g3 delta 22.5 n_s = 4:  25% of 40920 layouts (13 s)
      g3 delta 22.5 n_s = 4:  50% of 40920 layouts (25 s)
      g3 delta 22.5 n_s = 4:  75% of 40920 layouts (38 s)
      g3 delta 22.5 n_s = 4: 100% of 40920 layouts (50 s)
      g3 delta 37.5 n_s = 2:  25% of 528 layouts (0 s)
      g3 delta 37.5 n_s = 2:  50% of 528 layouts (0 s)
      g3 delta 37.5 n_s = 2:  75% of 528 layouts (0 s)
      g3 delta 37.5 n_s = 2: 100% of 528 layouts (0 s)
      g3 delta 37.5 n_s = 3:  25% of 5456 layouts (1 s)
      g3 delta 37.5 n_s = 3:  50% of 5456 layouts (2 s)
      g3 delta 37.5 n_s = 3:  75% of 5456 layouts (3 s)
      g3 delta 37.5 n_s = 3: 100% of 5456 layouts (3 s)
      g3 delta 37.5 n_s = 4:  25% of 40920 layouts (13 s)
      g3 delta 37.5 n_s = 4:  50% of 40920 layouts (25 s)
      g3 delta 37.5 n_s = 4:  75% of 40920 layouts (38 s)
      g3 delta 37.5 n_s = 4: 100% of 40920 layouts (50 s)
  n_s = 2 (528 layouts, 0 Identifiable at every heading):
    robustMean  s5+s33           mean A 3.568e-04, worst A 1.427e-03 | sigma_lnb worst 3.731% (known 3.464%), mean 1.711%; worst class Marginal; eff mean 1.000, worst 1.000
    robustWorst s2+s30           mean A 3.568e-04, worst A 1.427e-03 | sigma_lnb worst 3.731% (known 3.464%), mean 1.711%; worst class Marginal; eff mean 1.000, worst 1.000
    D1          s6+s18           mean A 6.921e-04, worst A 4.923e-03 | sigma_lnb worst 6.916% (known 6.906%), mean 2.106%; worst class Not identifiable; eff mean 0.516, worst 0.290
  n_s = 3 (5456 layouts, 168 Identifiable at every heading):
    robustMean  s19+s22+s24      mean A 4.828e-05, worst A 6.916e-05 | sigma_lnb worst 0.793% (known 0.774%), mean 0.666%; worst class Identifiable; eff mean 1.000, worst 1.000
    robustWorst s18+s20+s23      mean A 4.828e-05, worst A 6.916e-05 | sigma_lnb worst 0.793% (known 0.774%), mean 0.666%; worst class Identifiable; eff mean 1.000, worst 1.000
    D1          s6+s14+s18       mean A 3.405e-04, worst A 2.120e-03 | sigma_lnb worst 4.528% (known 4.075%), mean 1.529%; worst class Marginal; eff mean 0.142, worst 0.033
  n_s = 4 (40920 layouts, 11224 Identifiable at every heading):
    robustMean  s10+s20+s24+s30  mean A 3.020e-05, worst A 4.156e-05 | sigma_lnb worst 0.637% (known 0.634%), mean 0.535%; worst class Identifiable; eff mean 1.000, worst 0.810
    robustWorst s18+s20+s22+s24  mean A 3.058e-05, worst A 3.368e-05 | sigma_lnb worst 0.570% (known 0.569%), mean 0.522%; worst class Identifiable; eff mean 0.988, worst 1.000
    D1          s6+s14+s18+s26   mean A 1.661e-04, worst A 8.525e-04 | sigma_lnb worst 2.885% (known 2.877%), mean 1.136%; worst class Marginal; eff mean 0.182, worst 0.039
    Level2C     s2+s6+s14+s26    mean A 1.164e-04, worst A 3.834e-04 | sigma_lnb worst 1.933% (known 1.932%), mean 1.006%; worst class Marginal; eff mean 0.259, worst 0.088
  count rule (worst-case optimum): sigma_lnb worst [3.731 0.7932 0.5702] %, gain [NaN 0.787 0.281], recommended n_s (D3a) = 3

Step 3 (D3b, lsm6dsv16x, ruler directional): 7 seas x 24 headings, gate d_tot <= 0.5
      phi 30 f2 0.10 delta 7.5 n_s = 2: 528 layouts (0 s)
      phi 30 f2 0.10 delta 7.5 n_s = 3: 5456 layouts (3 s)
      phi 30 f2 0.10 delta 7.5 n_s = 4: 40920 layouts (44 s)
      phi 30 f2 0.10 delta 22.5 n_s = 2: 528 layouts (0 s)
      phi 30 f2 0.10 delta 22.5 n_s = 3: 5456 layouts (3 s)
      phi 30 f2 0.10 delta 22.5 n_s = 4: 40920 layouts (44 s)
      phi 30 f2 0.10 delta 37.5 n_s = 2: 528 layouts (0 s)
      phi 30 f2 0.10 delta 37.5 n_s = 3: 5456 layouts (3 s)
      phi 30 f2 0.10 delta 37.5 n_s = 4: 40920 layouts (44 s)
    phi 30 f2 0.10         n_s = 2: min over layouts of worst d_tot 17.1 (best reference per condition; 17.5 with the precision-optimal one); 0 layouts pass this sea
    phi 30 f2 0.10         n_s = 3: min over layouts of worst d_tot 2.92 (best reference per condition; 6.88 with the precision-optimal one); 0 layouts pass this sea
    phi 30 f2 0.10         n_s = 4: min over layouts of worst d_tot 1 (best reference per condition; 1.46 with the precision-optimal one); 0 layouts pass this sea
      phi 30 f2 0.25 delta 7.5 n_s = 2: 528 layouts (0 s)
      phi 30 f2 0.25 delta 7.5 n_s = 3: 5456 layouts (3 s)
      phi 30 f2 0.25 delta 7.5 n_s = 4: 40920 layouts (46 s)
      phi 30 f2 0.25 delta 22.5 n_s = 2: 528 layouts (0 s)
      phi 30 f2 0.25 delta 22.5 n_s = 3: 5456 layouts (3 s)
      phi 30 f2 0.25 delta 22.5 n_s = 4: 40920 layouts (44 s)
      phi 30 f2 0.25 delta 37.5 n_s = 2: 528 layouts (0 s)
      phi 30 f2 0.25 delta 37.5 n_s = 3: 5456 layouts (3 s)
      phi 30 f2 0.25 delta 37.5 n_s = 4: 40920 layouts (44 s)
    phi 30 f2 0.25         n_s = 2: min over layouts of worst d_tot 33.5 (best reference per condition; 35.6 with the precision-optimal one); 0 layouts pass this sea
    phi 30 f2 0.25         n_s = 3: min over layouts of worst d_tot 3.64 (best reference per condition; 8.7 with the precision-optimal one); 0 layouts pass this sea
    phi 30 f2 0.25         n_s = 4: min over layouts of worst d_tot 0.966 (best reference per condition; 1.28 with the precision-optimal one); 0 layouts pass this sea
      phi 60 f2 0.10 delta 7.5 n_s = 2: 528 layouts (0 s)
      phi 60 f2 0.10 delta 7.5 n_s = 3: 5456 layouts (3 s)
      phi 60 f2 0.10 delta 7.5 n_s = 4: 40920 layouts (44 s)
      phi 60 f2 0.10 delta 22.5 n_s = 2: 528 layouts (0 s)
      phi 60 f2 0.10 delta 22.5 n_s = 3: 5456 layouts (3 s)
      phi 60 f2 0.10 delta 22.5 n_s = 4: 40920 layouts (44 s)
      phi 60 f2 0.10 delta 37.5 n_s = 2: 528 layouts (0 s)
      phi 60 f2 0.10 delta 37.5 n_s = 3: 5456 layouts (3 s)
      phi 60 f2 0.10 delta 37.5 n_s = 4: 40920 layouts (44 s)
    phi 60 f2 0.10         n_s = 2: min over layouts of worst d_tot 20.1 (best reference per condition; 21.2 with the precision-optimal one); 0 layouts pass this sea
    phi 60 f2 0.10         n_s = 3: min over layouts of worst d_tot 2.83 (best reference per condition; 4.05 with the precision-optimal one); 0 layouts pass this sea
    phi 60 f2 0.10         n_s = 4: min over layouts of worst d_tot 0.989 (best reference per condition; 1.33 with the precision-optimal one); 0 layouts pass this sea
      phi 60 f2 0.25 delta 7.5 n_s = 2: 528 layouts (0 s)
      phi 60 f2 0.25 delta 7.5 n_s = 3: 5456 layouts (3 s)
      phi 60 f2 0.25 delta 7.5 n_s = 4: 40920 layouts (45 s)
      phi 60 f2 0.25 delta 22.5 n_s = 2: 528 layouts (0 s)
      phi 60 f2 0.25 delta 22.5 n_s = 3: 5456 layouts (3 s)
      phi 60 f2 0.25 delta 22.5 n_s = 4: 40920 layouts (44 s)
      phi 60 f2 0.25 delta 37.5 n_s = 2: 528 layouts (0 s)
      phi 60 f2 0.25 delta 37.5 n_s = 3: 5456 layouts (3 s)
      phi 60 f2 0.25 delta 37.5 n_s = 4: 40920 layouts (44 s)
    phi 60 f2 0.25         n_s = 2: min over layouts of worst d_tot 37.5 (best reference per condition; 38.1 with the precision-optimal one); 0 layouts pass this sea
    phi 60 f2 0.25         n_s = 3: min over layouts of worst d_tot 3.06 (best reference per condition; 5.12 with the precision-optimal one); 0 layouts pass this sea
    phi 60 f2 0.25         n_s = 4: min over layouts of worst d_tot 1.23 (best reference per condition; 1.75 with the precision-optimal one); 0 layouts pass this sea
      phi 90 f2 0.10 delta 7.5 n_s = 2: 528 layouts (0 s)
      phi 90 f2 0.10 delta 7.5 n_s = 3: 5456 layouts (3 s)
      phi 90 f2 0.10 delta 7.5 n_s = 4: 40920 layouts (44 s)
      phi 90 f2 0.10 delta 22.5 n_s = 2: 528 layouts (0 s)
      phi 90 f2 0.10 delta 22.5 n_s = 3: 5456 layouts (3 s)
      phi 90 f2 0.10 delta 22.5 n_s = 4: 40920 layouts (44 s)
      phi 90 f2 0.10 delta 37.5 n_s = 2: 528 layouts (0 s)
      phi 90 f2 0.10 delta 37.5 n_s = 3: 5456 layouts (3 s)
      phi 90 f2 0.10 delta 37.5 n_s = 4: 40920 layouts (44 s)
    phi 90 f2 0.10         n_s = 2: min over layouts of worst d_tot 20.1 (best reference per condition; 22.6 with the precision-optimal one); 0 layouts pass this sea
    phi 90 f2 0.10         n_s = 3: min over layouts of worst d_tot 2.43 (best reference per condition; 4.6 with the precision-optimal one); 0 layouts pass this sea
    phi 90 f2 0.10         n_s = 4: min over layouts of worst d_tot 1.19 (best reference per condition; 2.35 with the precision-optimal one); 0 layouts pass this sea
      phi 90 f2 0.25 delta 7.5 n_s = 2: 528 layouts (0 s)
      phi 90 f2 0.25 delta 7.5 n_s = 3: 5456 layouts (3 s)
      phi 90 f2 0.25 delta 7.5 n_s = 4: 40920 layouts (44 s)
      phi 90 f2 0.25 delta 22.5 n_s = 2: 528 layouts (0 s)
      phi 90 f2 0.25 delta 22.5 n_s = 3: 5456 layouts (3 s)
      phi 90 f2 0.25 delta 22.5 n_s = 4: 40920 layouts (44 s)
      phi 90 f2 0.25 delta 37.5 n_s = 2: 528 layouts (0 s)
      phi 90 f2 0.25 delta 37.5 n_s = 3: 5456 layouts (3 s)
      phi 90 f2 0.25 delta 37.5 n_s = 4: 40920 layouts (44 s)
    phi 90 f2 0.25         n_s = 2: min over layouts of worst d_tot 35 (best reference per condition; 39.6 with the precision-optimal one); 0 layouts pass this sea
    phi 90 f2 0.25         n_s = 3: min over layouts of worst d_tot 2.96 (best reference per condition; 6.11 with the precision-optimal one); 0 layouts pass this sea
    phi 90 f2 0.25         n_s = 4: min over layouts of worst d_tot 1.34 (best reference per condition; 2.82 with the precision-optimal one); 0 layouts pass this sea
      spread s 10 delta 7.5 n_s = 2: 528 layouts (0 s)
      spread s 10 delta 7.5 n_s = 3: 5456 layouts (3 s)
      spread s 10 delta 7.5 n_s = 4: 40920 layouts (44 s)
      spread s 10 delta 22.5 n_s = 2: 528 layouts (0 s)
      spread s 10 delta 22.5 n_s = 3: 5456 layouts (3 s)
      spread s 10 delta 22.5 n_s = 4: 40920 layouts (44 s)
      spread s 10 delta 37.5 n_s = 2: 528 layouts (0 s)
      spread s 10 delta 37.5 n_s = 3: 5456 layouts (3 s)
      spread s 10 delta 37.5 n_s = 4: 40920 layouts (44 s)
    spread s 10            n_s = 2: min over layouts of worst d_tot 28.6 (best reference per condition; 29.3 with the precision-optimal one); 0 layouts pass this sea
    spread s 10            n_s = 3: min over layouts of worst d_tot 32.6 (best reference per condition; 37.2 with the precision-optimal one); 0 layouts pass this sea
    spread s 10            n_s = 4: min over layouts of worst d_tot 24.9 (best reference per condition; 33.4 with the precision-optimal one); 0 layouts pass this sea
  n_s = 2: 0 of 528 layouts bias-feasible in every sea and heading; per sea [0 0 0 0 0 0 0]; least bad s2+s3 (worst d_tot 38.1)
  n_s = 3: 0 of 5456 layouts bias-feasible in every sea and heading; per sea [0 0 0 0 0 0 0]; least bad s1+s10+s30 (worst d_tot 33.8)
  n_s = 4: 0 of 40920 layouts bias-feasible in every sea and heading; per sea [0 0 0 0 0 0 0]; least bad s2+s22+s27+s33 (worst d_tot 24.9)

  Recommended n_s: D3a (unknown heading) 3; with D3b (directional seas) none up to 4 (no bias-feasible worst-case optimum is Identifiable)
  table saved: C:\Users\amird\OneDrive\Documents\EEE4022S\Analysis\test_repo\Inverse Mapping\Parameter Inversion\Results\D3\D3_d3a.csv
  table saved: C:\Users\amird\OneDrive\Documents\EEE4022S\Analysis\test_repo\Inverse Mapping\Parameter Inversion\Results\D3\D3_d3b.csv
  table saved: C:\Users\amird\OneDrive\Documents\EEE4022S\Analysis\test_repo\Inverse Mapping\Parameter Inversion\Results\D3\D3_counts.csv

D3: Direction-robust sensor count and layout
run 20261005_155648, MATLAB 25.1.0.2973910 (R2025a) Update 1, code commit e2b057e, 1906 s

D3: direction-robust sensor count and layout
run 20261005_155648, MATLAB 25.1.0.2973910 (R2025a) Update 1, code commit e2b057e
headings [7.5 22.5 37.5 52.5 67.5 82.5 97.5 112.5 127.5 142.5 157.5 172.5 187.5 202.5 217.5 232.5 247.5 262.5 277.5 292.5 307.5 322.5 337.5 352.5] deg; D3b seas: phi 30 f2 0.10; phi 30 f2 0.25; phi 60 f2 0.10; phi 60 f2 0.25; phi 90 f2 0.10; phi 90 f2 0.25; spread s 10 (lsm6dsv16x, ruler directional)

D3a lsm6dsv16x: recommended n_s 3; worst-case optimum sigma_lnbeta worst [2.801 0.6024 0.4341] %
  n_s 2 robustMean  s6+s26           sigma_lnb worst 2.801% (known 2.601%), mean 1.290%, class Marginal, eff mean 1.000 worst 1.000
  n_s 2 robustWorst s2+s30           sigma_lnb worst 2.801% (known 2.601%), mean 1.290%, class Marginal, eff mean 1.000 worst 1.000
  n_s 2 D1          s6+s18           sigma_lnb worst 5.184% (known 5.176%), mean 1.585%, class Not identifiable, eff mean 0.518 worst 0.291
  n_s 3 robustMean  s19+s21+s24      sigma_lnb worst 0.602% (known 0.588%), mean 0.504%, class Identifiable, eff mean 1.000 worst 1.000
  n_s 3 robustWorst s18+s20+s23      sigma_lnb worst 0.602% (known 0.588%), mean 0.504%, class Identifiable, eff mean 1.000 worst 1.000
  n_s 3 D1          s6+s14+s18       sigma_lnb worst 3.398% (known 3.059%), mean 1.153%, class Marginal, eff mean 0.144 worst 0.033
  n_s 4 robustMean  s10+s20+s24+s30  sigma_lnb worst 0.484% (known 0.482%), mean 0.406%, class Identifiable, eff mean 1.000 worst 0.813
  n_s 4 robustWorst s18+s20+s22+s24  sigma_lnb worst 0.434% (known 0.433%), mean 0.397%, class Identifiable, eff mean 0.987 worst 1.000
  n_s 4 D1          s6+s14+s18+s26   sigma_lnb worst 2.166% (known 2.160%), mean 0.859%, class Marginal, eff mean 0.184 worst 0.041
  n_s 4 Level2C     s2+s6+s14+s26    sigma_lnb worst 1.451% (known 1.451%), mean 0.759%, class Marginal, eff mean 0.264 worst 0.090
D3a icm42688p: recommended n_s 3; worst-case optimum sigma_lnbeta worst [3.867 0.821 0.5901] %
  n_s 2 robustMean  s2+s30           sigma_lnb worst 3.867% (known 3.590%), mean 1.772%, class Marginal, eff mean 1.000 worst 1.000
  n_s 2 robustWorst s2+s30           sigma_lnb worst 3.867% (known 3.590%), mean 1.772%, class Marginal, eff mean 1.000 worst 1.000
  n_s 2 D1          s6+s18           sigma_lnb worst 7.169% (known 7.158%), mean 2.182%, class Not identifiable, eff mean 0.515 worst 0.290
  n_s 3 robustMean  s19+s22+s24      sigma_lnb worst 0.821% (known 0.801%), mean 0.690%, class Identifiable, eff mean 1.000 worst 1.000
  n_s 3 robustWorst s18+s20+s23      sigma_lnb worst 0.821% (known 0.801%), mean 0.690%, class Identifiable, eff mean 1.000 worst 1.000
  n_s 3 D1          s6+s14+s18       sigma_lnb worst 4.693% (known 4.224%), mean 1.584%, class Marginal, eff mean 0.142 worst 0.033
  n_s 4 robustMean  s17+s19+s23+s29  sigma_lnb worst 0.659% (known 0.656%), mean 0.554%, class Identifiable, eff mean 1.000 worst 0.810
  n_s 4 robustWorst s18+s20+s22+s24  sigma_lnb worst 0.590% (known 0.589%), mean 0.540%, class Identifiable, eff mean 0.988 worst 1.000
  n_s 4 D1          s6+s14+s18+s26   sigma_lnb worst 2.990% (known 2.981%), mean 1.177%, class Marginal, eff mean 0.182 worst 0.039
  n_s 4 Level2C     s2+s6+s14+s26    sigma_lnb worst 2.003% (known 2.002%), mean 1.042%, class Marginal, eff mean 0.259 worst 0.088
D3a g3: recommended n_s 3; worst-case optimum sigma_lnbeta worst [3.731 0.7932 0.5702] %
  n_s 2 robustMean  s5+s33           sigma_lnb worst 3.731% (known 3.464%), mean 1.711%, class Marginal, eff mean 1.000 worst 1.000
  n_s 2 robustWorst s2+s30           sigma_lnb worst 3.731% (known 3.464%), mean 1.711%, class Marginal, eff mean 1.000 worst 1.000
  n_s 2 D1          s6+s18           sigma_lnb worst 6.916% (known 6.906%), mean 2.106%, class Not identifiable, eff mean 0.516 worst 0.290
  n_s 3 robustMean  s19+s22+s24      sigma_lnb worst 0.793% (known 0.774%), mean 0.666%, class Identifiable, eff mean 1.000 worst 1.000
  n_s 3 robustWorst s18+s20+s23      sigma_lnb worst 0.793% (known 0.774%), mean 0.666%, class Identifiable, eff mean 1.000 worst 1.000
  n_s 3 D1          s6+s14+s18       sigma_lnb worst 4.528% (known 4.075%), mean 1.529%, class Marginal, eff mean 0.142 worst 0.033
  n_s 4 robustMean  s10+s20+s24+s30  sigma_lnb worst 0.637% (known 0.634%), mean 0.535%, class Identifiable, eff mean 1.000 worst 0.810
  n_s 4 robustWorst s18+s20+s22+s24  sigma_lnb worst 0.570% (known 0.569%), mean 0.522%, class Identifiable, eff mean 0.988 worst 1.000
  n_s 4 D1          s6+s14+s18+s26   sigma_lnb worst 2.885% (known 2.877%), mean 1.136%, class Marginal, eff mean 0.182 worst 0.039
  n_s 4 Level2C     s2+s6+s14+s26    sigma_lnb worst 1.933% (known 1.932%), mean 1.006%, class Marginal, eff mean 0.259 worst 0.088
D3b (lsm6dsv16x): bias-feasible layouts per n_s [0 0 0]; recommended with D3b: none up to 4
  n_s 2: per-sea passes [0 0 0 0 0 0 0]; min worst d_tot per sea [17.1 33.5 20.1 37.5 20.1 35 28.6]; least bad s2+s3 (38.1)
  n_s 3: per-sea passes [0 0 0 0 0 0 0]; min worst d_tot per sea [2.92 3.64 2.83 3.06 2.43 2.96 32.6]; least bad s1+s10+s30 (33.8)
  n_s 4: per-sea passes [0 0 0 0 0 0 0]; min worst d_tot per sea [1 0.966 0.989 1.23 1.19 1.34 24.9]; least bad s2+s22+s27+s33 (24.9)

Files written by this run:
  D3_counts.csv
  D3_d3a.csv
  D3_d3b.csv

  saved C:\Users\amird\OneDrive\Documents\EEE4022S\Analysis\test_repo\Inverse Mapping\Parameter Inversion\Results\D3\D3_20261005_155648.mat and _summary.txt
