
==== A1: Floe-property and domain sweep ====
  started 2026-10-08 18:06:33 on MATLAB 25.1.0.2973910 (R2025a) Update 1, code commit 0389536
  results in C:\Users\amird\OneDrive\Documents\EEE4022S\Analysis\test_repo\Inverse Mapping\Parameter Inversion\Results\A1

Step 1: 24 scenarios: 8 ring, 4 corner, 12 physical (1 basin, 7 tank, 4 MIZ)
  sensing: Level 2C fractions of each true R, reference s26, noise lsm6dsv16x (8e-07), N = 65536, L = 2048
  checks: node grid 0.2 vs 0.1 rad/s (feature d < 0.1); truncation [50 10 10] vs [70 15 15] (sigma within 1%, d_W within 0.02, same class; feature bias reported, not gated)

#   scenario                   group     beta/b0      R/R0  gamma/g0      nu    band (rad/s)    periods (s)   kR pk   R/l_f  scale
1   ring_beta_x0.25            ring         0.25         1         1    0.30   3.178-8.301     0.76-1.98      1.835   6.542    1.0
2   ring_beta_x0.5             ring          0.5         1         1    0.30   3.178-8.301     0.76-1.98      1.835   5.501    1.0
3   ring_beta_x2               ring            2         1         1    0.30   3.178-8.301     0.76-1.98      1.835   3.890    1.0
4   ring_beta_x4               ring            4         1         1    0.30   3.178-8.301     0.76-1.98      1.835   3.271    1.0
5   ring_R_x0.5                ring            1       0.5         1    0.30   3.178-8.301     0.76-1.98      0.918   2.313    1.0
6   ring_R_x0.75               ring            1      0.75         1    0.30   3.178-8.301     0.76-1.98      1.376   3.470    1.0
7   ring_R_x1.5                ring            1       1.5         1    0.30   3.178-8.301     0.76-1.98      2.753   6.939    1.0
8   ring_R_x2                  ring            1         2         1    0.30   3.178-8.301     0.76-1.98      3.670   9.252    1.0
9   corner_beta_x0.5_R_x0.5    corner        0.5       0.5         1    0.30   3.178-8.301     0.76-1.98      0.918   2.751    1.0
10  corner_beta_x0.5_R_x2      corner        0.5         2         1    0.30   3.178-8.301     0.76-1.98      3.670  11.003    1.0
11  corner_beta_x2_R_x0.5      corner          2       0.5         1    0.30   3.178-8.301     0.76-1.98      0.918   1.945    1.0
12  corner_beta_x2_R_x2        corner          2         2         1    0.30   3.178-8.301     0.76-1.98      3.670   7.780    1.0
13  basin_p0                   basin           1         1         1    0.30   3.178-8.301     0.76-1.98      1.835   4.626    1.0
14  pp3mm_R072                 tank        0.698         1     0.998    0.40   3.178-8.301     0.76-1.98      1.835   5.061    1.0
15  pp5mm_D40                  tank         3.23     0.278      1.66    0.40   3.178-8.301     0.76-1.98      0.510   0.958    1.0
16  pp10mm_D40                 tank         25.8     0.278      3.33    0.40   3.178-8.301     0.76-1.98      0.510   0.570    1.0
17  pp5mm_D100                 tank         3.23     0.694      1.66    0.40   3.178-8.301     0.76-1.98      1.274   2.396    1.0
18  modelFloe_E0.5GPa          tank          551     0.306      13.3    0.40   3.178-8.301     0.76-1.98      0.561   0.292    1.0 (prov.)
19  modelFloe_E1.5GPa          tank     1.65e+03     0.306      13.3    0.40   3.178-8.301     0.76-1.98      0.561   0.222    1.0 (prov.)
20  modelFloe_E3.0GPa          tank     3.31e+03     0.306      13.3    0.40   3.178-8.301     0.76-1.98      0.561   0.186    1.0 (prov.)
21  miz_R10_h1                 miz          5.23     0.214      5.04    0.30   4.051-8.301     6.10-12.50     0.392   0.654   64.9
22  miz_R25_h1                 miz          5.23     0.535      5.04    0.30   4.051-8.301     6.10-12.50     0.981   1.635   64.9
23  miz_R50_h1                 miz          5.23      1.07      5.04    0.30   4.051-8.301     6.10-12.50     1.962   3.270   64.9
24  miz_R25_h05_E3             miz         0.328     0.535      2.52    0.30   4.049-8.301     6.10-12.50     0.982   3.270   64.9

[01/24] ring_beta_x0.25  (18:06:34)
      emmField 1/5  nominal      loaded    29 nodes     1.0 s
      emmField 2/5  ln beta + h  loaded    29 nodes     0.6 s
      emmField 3/5  ln beta - h  loaded    29 nodes     0.6 s
      emmField 4/5  ln R + h     loaded    29 nodes     0.6 s
      emmField 5/5  ln R - h     loaded    29 nodes     0.6 s
      emmField 1/1  nominal      loaded    57 nodes     0.6 s
      emmField 1/5  nominal      loaded    29 nodes     0.6 s
      emmField 2/5  ln beta + h  loaded    29 nodes     0.6 s
      emmField 3/5  ln beta - h  loaded    29 nodes     0.6 s
      emmField 4/5  ln R + h     loaded    29 nodes     0.7 s
      emmField 5/5  ln R - h     loaded    29 nodes     0.6 s
  node grid ...... PASS (d = 0.015, max |dT|/|T| = 2.58e-05)
  truncation ..... PASS (sigma 1.5e-03 rel, d_W 5.3e-04 abs, class Identifiable; feature bias d = 4.64, max |dT|/|T| = 1.59e-03)
  alpha .......... PASS ([1.95 13.15])
  E1 metrics ..... sigma = [0.074% 0.012%], d_W = 0.280, kappa = 129, Identifiable
  saved (8 s; batch 0.1 min)
[02/24] ring_beta_x0.5  (18:06:42)
      emmField 1/5  nominal      loaded    29 nodes     0.3 s
      emmField 2/5  ln beta + h  loaded    29 nodes     0.3 s
      emmField 3/5  ln beta - h  loaded    29 nodes     0.3 s
      emmField 4/5  ln R + h     loaded    29 nodes     0.3 s
      emmField 5/5  ln R - h     loaded    29 nodes     0.3 s
      emmField 1/1  nominal      loaded    57 nodes     0.3 s
      emmField 1/5  nominal      loaded    29 nodes     0.3 s
      emmField 2/5  ln beta + h  loaded    29 nodes     0.3 s
      emmField 3/5  ln beta - h  loaded    29 nodes     0.3 s
      emmField 4/5  ln R + h     loaded    29 nodes     0.3 s
      emmField 5/5  ln R - h     loaded    29 nodes     0.3 s
  node grid ...... PASS (d = 0.0151, max |dT|/|T| = 1.99e-05)
  truncation ..... PASS (sigma 1.8e-03 rel, d_W 4.0e-04 abs, class Identifiable; feature bias d = 5.48, max |dT|/|T| = 1.89e-03)
  alpha .......... PASS ([1.95 13.15])
  E1 metrics ..... sigma = [0.054% 0.010%], d_W = 0.382, kappa = 86.8, Identifiable
  saved (4 s; batch 0.2 min)
[03/24] ring_beta_x2  (18:06:46)
      emmField 1/5  nominal      loaded    29 nodes     0.3 s
      emmField 2/5  ln beta + h  loaded    29 nodes     0.3 s
      emmField 3/5  ln beta - h  loaded    29 nodes     0.3 s
      emmField 4/5  ln R + h     loaded    29 nodes     0.3 s
      emmField 5/5  ln R - h     loaded    29 nodes     0.3 s
      emmField 1/1  nominal      loaded    57 nodes     0.3 s
      emmField 1/5  nominal      loaded    29 nodes     0.3 s
      emmField 2/5  ln beta + h  loaded    29 nodes     0.3 s
      emmField 3/5  ln beta - h  loaded    29 nodes     0.3 s
      emmField 4/5  ln R + h     loaded    29 nodes     0.3 s
      emmField 5/5  ln R - h     loaded    29 nodes     0.3 s
  node grid ...... PASS (d = 0.0064, max |dT|/|T| = 1.42e-05)
  truncation ..... PASS (sigma 1.0e-03 rel, d_W 9.3e-05 abs, class Identifiable; feature bias d = 4.52, max |dT|/|T| = 2.17e-03)
  alpha .......... PASS ([1.95 13.15])
  E1 metrics ..... sigma = [0.053% 0.009%], d_W = 0.445, kappa = 114, Identifiable
  saved (4 s; batch 0.3 min)
[04/24] ring_beta_x4  (18:06:50)
      emmField 1/5  nominal      loaded    29 nodes     0.4 s
      emmField 2/5  ln beta + h  loaded    29 nodes     0.3 s
      emmField 3/5  ln beta - h  loaded    29 nodes     0.3 s
      emmField 4/5  ln R + h     loaded    29 nodes     0.3 s
      emmField 5/5  ln R - h     loaded    29 nodes     0.3 s
      emmField 1/1  nominal      loaded    57 nodes     0.3 s
      emmField 1/5  nominal      loaded    29 nodes     0.3 s
      emmField 2/5  ln beta + h  loaded    29 nodes     0.3 s
      emmField 3/5  ln beta - h  loaded    29 nodes     0.3 s
      emmField 4/5  ln R + h     loaded    29 nodes     0.4 s
      emmField 5/5  ln R - h     loaded    29 nodes     0.3 s
  node grid ...... PASS (d = 0.00325, max |dT|/|T| = 1.62e-05)
  truncation ..... PASS (sigma 5.3e-04 rel, d_W 2.5e-04 abs, class Identifiable; feature bias d = 3.13, max |dT|/|T| = 2.41e-03)
  alpha .......... PASS ([1.95 13.15])
  E1 metrics ..... sigma = [0.062% 0.012%], d_W = 0.420, kappa = 142, Identifiable
  saved (4 s; batch 0.3 min)
[05/24] ring_R_x0.5  (18:06:54)
      emmField 1/5  nominal      loaded    29 nodes     0.3 s
      emmField 2/5  ln beta + h  loaded    29 nodes     0.4 s
      emmField 3/5  ln beta - h  loaded    29 nodes     0.3 s
      emmField 4/5  ln R + h     loaded    29 nodes     0.4 s
      emmField 5/5  ln R - h     loaded    29 nodes     0.3 s
      emmField 1/1  nominal      loaded    57 nodes     0.3 s
      emmField 1/5  nominal      loaded    29 nodes     0.3 s
      emmField 2/5  ln beta + h  loaded    29 nodes     0.3 s
      emmField 3/5  ln beta - h  loaded    29 nodes     0.3 s
      emmField 4/5  ln R + h     loaded    29 nodes     0.3 s
      emmField 5/5  ln R - h     loaded    29 nodes     0.3 s
  node grid ...... PASS (d = 0.000918, max |dT|/|T| = 2.99e-06)
  truncation ..... PASS (sigma 2.2e-03 rel, d_W 2.0e-05 abs, class Identifiable; feature bias d = 3.12, max |dT|/|T| = 9.47e-04)
  alpha .......... PASS ([1.95 13.15])
  E1 metrics ..... sigma = [0.131% 0.034%], d_W = 0.114, kappa = 90.2, Identifiable
  saved (4 s; batch 0.4 min)
[06/24] ring_R_x0.75  (18:06:59)
      emmField 1/5  nominal      loaded    29 nodes     0.4 s
      emmField 2/5  ln beta + h  loaded    29 nodes     0.4 s
      emmField 3/5  ln beta - h  loaded    29 nodes     0.4 s
      emmField 4/5  ln R + h     loaded    29 nodes     0.4 s
      emmField 5/5  ln R - h     loaded    29 nodes     0.3 s
      emmField 1/1  nominal      loaded    57 nodes     0.3 s
      emmField 1/5  nominal      loaded    29 nodes     0.3 s
      emmField 2/5  ln beta + h  loaded    29 nodes     0.3 s
      emmField 3/5  ln beta - h  loaded    29 nodes     0.3 s
      emmField 4/5  ln R + h     loaded    29 nodes     0.3 s
      emmField 5/5  ln R - h     loaded    29 nodes     0.3 s
  node grid ...... PASS (d = 0.00254, max |dT|/|T| = 8.48e-06)
  truncation ..... PASS (sigma 6.0e-04 rel, d_W 4.0e-04 abs, class Identifiable; feature bias d = 5.32, max |dT|/|T| = 1.18e-03)
  alpha .......... PASS ([1.95 13.15])
  E1 metrics ..... sigma = [0.077% 0.015%], d_W = 0.337, kappa = 168, Identifiable
  saved (4 s; batch 0.5 min)
[07/24] ring_R_x1.5  (18:07:03)
      emmField 1/5  nominal      loaded    29 nodes     0.4 s
      emmField 2/5  ln beta + h  loaded    29 nodes     0.4 s
      emmField 3/5  ln beta - h  loaded    29 nodes     0.4 s
      emmField 4/5  ln R + h     loaded    29 nodes     0.4 s
      emmField 5/5  ln R - h     loaded    29 nodes     0.4 s
      emmField 1/1  nominal      loaded    57 nodes     0.4 s
      emmField 1/5  nominal      loaded    29 nodes     0.4 s
      emmField 2/5  ln beta + h  loaded    29 nodes     0.3 s
      emmField 3/5  ln beta - h  loaded    29 nodes     0.3 s
      emmField 4/5  ln R + h     loaded    29 nodes     0.4 s
      emmField 5/5  ln R - h     loaded    29 nodes     0.4 s
  node grid ...... PASS (d = 0.0426, max |dT|/|T| = 1.09e-04)
  truncation ..... PASS (sigma 1.3e-03 rel, d_W 9.0e-04 abs, class Identifiable; feature bias d = 2.98, max |dT|/|T| = 8.89e-04)
  alpha .......... PASS ([1.95 13.15])
  E1 metrics ..... sigma = [0.044% 0.007%], d_W = 0.332, kappa = 85.8, Identifiable
  saved (5 s; batch 0.6 min)
[08/24] ring_R_x2  (18:07:08)
      emmField 1/5  nominal      loaded    29 nodes     0.4 s
      emmField 2/5  ln beta + h  loaded    29 nodes     0.4 s
      emmField 3/5  ln beta - h  loaded    29 nodes     0.4 s
      emmField 4/5  ln R + h     loaded    29 nodes     0.4 s
      emmField 5/5  ln R - h     loaded    29 nodes     0.3 s
      emmField 1/1  nominal      loaded    57 nodes     0.3 s
      node-grid d = 0.139 >= 0.1: falling back to 0.1 rad/s
      emmField 1/5  nominal      loaded    57 nodes     0.3 s
      emmField 2/5  ln beta + h  computed  57 nodes    61.3 s
      emmField 3/5  ln beta - h  computed  57 nodes    61.0 s
      emmField 4/5  ln R + h     computed  57 nodes    59.7 s
      emmField 5/5  ln R - h     computed  57 nodes    59.6 s
      emmField 1/5  nominal      computed  57 nodes    89.5 s
      emmField 2/5  ln beta + h  computed  57 nodes    82.8 s
      emmField 3/5  ln beta - h  computed  57 nodes    83.0 s
      emmField 4/5  ln R + h     computed  57 nodes    84.0 s
      emmField 5/5  ln R - h     computed  57 nodes    82.0 s
  node grid ...... PASS (d = 0.139, max |dT|/|T| = 3.95e-04, FALLBACK to 0.1 rad/s)
  truncation ..... PASS (sigma 9.0e-03 rel, d_W 6.4e-05 abs, class Marginal; feature bias d = 21, max |dT|/|T| = 1.76e-02)
  alpha .......... PASS ([1.95 13.15])
  E1 metrics ..... sigma = [0.042% 0.006%], d_W = 0.667, kappa = 121, Marginal
  saved (667 s; batch 11.7 min)
[09/24] corner_beta_x0.5_R_x0.5  (18:18:15)
      emmField 1/5  nominal      loaded    29 nodes     0.5 s
      emmField 2/5  ln beta + h  loaded    29 nodes     0.4 s
      emmField 3/5  ln beta - h  loaded    29 nodes     0.4 s
      emmField 4/5  ln R + h     loaded    29 nodes     0.3 s
      emmField 5/5  ln R - h     loaded    29 nodes     0.3 s
      emmField 1/1  nominal      loaded    57 nodes     0.4 s
      emmField 1/5  nominal      loaded    29 nodes     0.4 s
      emmField 2/5  ln beta + h  loaded    29 nodes     0.4 s
      emmField 3/5  ln beta - h  loaded    29 nodes     0.4 s
      emmField 4/5  ln R + h     loaded    29 nodes     0.3 s
      emmField 5/5  ln R - h     loaded    29 nodes     0.4 s
  node grid ...... PASS (d = 0.00109, max |dT|/|T| = 2.95e-06)
  truncation ..... PASS (sigma 6.4e-04 rel, d_W 2.8e-04 abs, class Identifiable; feature bias d = 4.83, max |dT|/|T| = 1.13e-03)
  alpha .......... PASS ([1.95 13.15])
  E1 metrics ..... sigma = [0.147% 0.037%], d_W = 0.170, kappa = 199, Identifiable
  saved (5 s; batch 11.8 min)
[10/24] corner_beta_x0.5_R_x2  (18:18:20)
      emmField 1/5  nominal      loaded    29 nodes     0.5 s
      emmField 2/5  ln beta + h  loaded    29 nodes     0.4 s
      emmField 3/5  ln beta - h  loaded    29 nodes     0.4 s
      emmField 4/5  ln R + h     loaded    29 nodes     0.4 s
      emmField 5/5  ln R - h     loaded    29 nodes     0.4 s
      emmField 1/1  nominal      loaded    57 nodes     0.4 s
      node-grid d = 0.126 >= 0.1: falling back to 0.1 rad/s
      emmField 1/5  nominal      loaded    57 nodes     0.4 s
      emmField 2/5  ln beta + h  computed  57 nodes    62.3 s
      emmField 3/5  ln beta - h  computed  57 nodes    60.9 s
      emmField 4/5  ln R + h     computed  57 nodes    61.0 s
      emmField 5/5  ln R - h     computed  57 nodes    60.3 s
      emmField 1/5  nominal      computed  57 nodes    86.6 s
      emmField 2/5  ln beta + h  computed  57 nodes    81.9 s
      emmField 3/5  ln beta - h  computed  57 nodes    81.9 s
      emmField 4/5  ln R + h     computed  57 nodes    81.4 s
      emmField 5/5  ln R - h     computed  57 nodes    81.0 s
  node grid ...... PASS (d = 0.126, max |dT|/|T| = 3.92e-04, FALLBACK to 0.1 rad/s)
  truncation ..... FAIL (sigma 1.0e-02 rel, d_W 6.3e-03 abs, class Not identifiable; feature bias d = 25, max |dT|/|T| = 2.78e-02)
  alpha .......... PASS ([1.95 13.15])
  E1 metrics ..... sigma = [0.049% 0.005%], d_W = 1.066, kappa = 161, Model check failed (inverse: Not identifiable)
  saved (661 s; batch 22.8 min)
[11/24] corner_beta_x2_R_x0.5  (18:29:21)
      emmField 1/5  nominal      loaded    29 nodes     0.4 s
      emmField 2/5  ln beta + h  loaded    29 nodes     0.5 s
      emmField 3/5  ln beta - h  loaded    29 nodes     0.5 s
      emmField 4/5  ln R + h     loaded    29 nodes     0.4 s
      emmField 5/5  ln R - h     loaded    29 nodes     0.4 s
      emmField 1/1  nominal      loaded    57 nodes     0.4 s
      emmField 1/5  nominal      loaded    29 nodes     0.4 s
      emmField 2/5  ln beta + h  loaded    29 nodes     0.4 s
      emmField 3/5  ln beta - h  loaded    29 nodes     0.4 s
      emmField 4/5  ln R + h     loaded    29 nodes     0.4 s
      emmField 5/5  ln R - h     loaded    29 nodes     0.4 s
  node grid ...... PASS (d = 0.00119, max |dT|/|T| = 2.91e-06)
  truncation ..... PASS (sigma 2.8e-03 rel, d_W 3.3e-05 abs, class Identifiable; feature bias d = 1.35, max |dT|/|T| = 1.03e-03)
  alpha .......... PASS ([1.95 13.15])
  E1 metrics ..... sigma = [0.126% 0.030%], d_W = 0.098, kappa = 41, Identifiable
  saved (5 s; batch 22.9 min)
[12/24] corner_beta_x2_R_x2  (18:29:26)
      emmField 1/5  nominal      loaded    29 nodes     0.5 s
      emmField 2/5  ln beta + h  loaded    29 nodes     0.4 s
      emmField 3/5  ln beta - h  loaded    29 nodes     0.4 s
      emmField 4/5  ln R + h     loaded    29 nodes     0.4 s
      emmField 5/5  ln R - h     loaded    29 nodes     0.4 s
      emmField 1/1  nominal      loaded    57 nodes     0.4 s
      node-grid d = 0.102 >= 0.1: falling back to 0.1 rad/s
      emmField 1/5  nominal      loaded    57 nodes     0.4 s
      emmField 2/5  ln beta + h  computed  57 nodes    58.9 s
      emmField 3/5  ln beta - h  computed  57 nodes    60.0 s
      emmField 4/5  ln R + h     computed  57 nodes    58.6 s
      emmField 5/5  ln R - h     computed  57 nodes    58.3 s
      emmField 1/5  nominal      computed  57 nodes    87.2 s
      emmField 2/5  ln beta + h  computed  57 nodes    83.1 s
      emmField 3/5  ln beta - h  computed  57 nodes    80.9 s
      emmField 4/5  ln R + h     computed  57 nodes    82.3 s
      emmField 5/5  ln R - h     computed  57 nodes    83.2 s
  node grid ...... PASS (d = 0.102, max |dT|/|T| = 3.41e-04, FALLBACK to 0.1 rad/s)
  truncation ..... PASS (sigma 3.4e-03 rel, d_W 1.1e-03 abs, class Identifiable; feature bias d = 7.7, max |dT|/|T| = 8.72e-03)
  alpha .......... PASS ([1.95 13.15])
  E1 metrics ..... sigma = [0.038% 0.006%], d_W = 0.291, kappa = 86.8, Identifiable
  saved (656 s; batch 33.8 min)
[13/24] basin_p0  (18:40:23)
      emmField 1/5  nominal      loaded    29 nodes     0.2 s
      emmField 2/5  ln beta + h  loaded    29 nodes     0.2 s
      emmField 3/5  ln beta - h  loaded    29 nodes     0.2 s
      emmField 4/5  ln R + h     loaded    29 nodes     0.2 s
      emmField 5/5  ln R - h     loaded    29 nodes     0.2 s
      emmField 1/1  nominal      loaded    57 nodes     0.2 s
      emmField 1/5  nominal      loaded    29 nodes     0.2 s
      emmField 2/5  ln beta + h  loaded    29 nodes     0.2 s
      emmField 3/5  ln beta - h  loaded    29 nodes     0.2 s
      emmField 4/5  ln R + h     loaded    29 nodes     0.2 s
      emmField 5/5  ln R - h     loaded    29 nodes     0.2 s
  node grid ...... PASS (d = 0.011, max |dT|/|T| = 1.52e-05)
  truncation ..... PASS (sigma 1.7e-03 rel, d_W 1.4e-04 abs, class Identifiable; feature bias d = 5.24, max |dT|/|T| = 1.98e-03)
  alpha .......... PASS ([1.95 13.15])
  E1 metrics ..... sigma = [0.050% 0.008%], d_W = 0.436, kappa = 83.2, Identifiable
  saved (3 s; batch 33.9 min)
[14/24] pp3mm_R072  (18:40:26)
      emmField 1/5  nominal      loaded    29 nodes     0.5 s
      emmField 2/5  ln beta + h  loaded    29 nodes     0.4 s
      emmField 3/5  ln beta - h  loaded    29 nodes     0.4 s
      emmField 4/5  ln R + h     loaded    29 nodes     0.4 s
      emmField 5/5  ln R - h     loaded    29 nodes     0.4 s
      emmField 1/1  nominal      loaded    57 nodes     0.4 s
      emmField 1/5  nominal      loaded    29 nodes     0.4 s
      emmField 2/5  ln beta + h  loaded    29 nodes     0.4 s
      emmField 3/5  ln beta - h  loaded    29 nodes     0.4 s
      emmField 4/5  ln R + h     loaded    29 nodes     0.4 s
      emmField 5/5  ln R - h     loaded    29 nodes     0.4 s
  node grid ...... PASS (d = 0.0137, max |dT|/|T| = 1.71e-05)
  truncation ..... PASS (sigma 1.9e-03 rel, d_W 2.6e-04 abs, class Identifiable; feature bias d = 5.59, max |dT|/|T| = 2.05e-03)
  alpha .......... PASS ([1.95 13.15])
  E1 metrics ..... sigma = [0.049% 0.009%], d_W = 0.420, kappa = 76.1, Identifiable
  saved (5 s; batch 34.0 min)
[15/24] pp5mm_D40  (18:40:31)
      emmField 1/5  nominal      loaded    29 nodes     0.5 s
      emmField 2/5  ln beta + h  loaded    29 nodes     0.4 s
      emmField 3/5  ln beta - h  loaded    29 nodes     0.4 s
      emmField 4/5  ln R + h     loaded    29 nodes     0.4 s
      emmField 5/5  ln R - h     loaded    29 nodes     0.4 s
      emmField 1/1  nominal      loaded    57 nodes     0.4 s
      emmField 1/5  nominal      loaded    29 nodes     0.4 s
      emmField 2/5  ln beta + h  loaded    29 nodes     0.4 s
      emmField 3/5  ln beta - h  loaded    29 nodes     0.4 s
      emmField 4/5  ln R + h     loaded    29 nodes     0.4 s
      emmField 5/5  ln R - h     loaded    29 nodes     0.4 s
  node grid ...... PASS (d = 0.000651, max |dT|/|T| = 9.75e-07)
  truncation ..... FAIL (sigma 1.3e-02 rel, d_W 1.7e-04 abs, class Marginal; feature bias d = 2.76, max |dT|/|T| = 9.68e-04)
  alpha .......... PASS ([1.95 13.15])
  E1 metrics ..... sigma = [1.754% 0.080%], d_W = 0.115, kappa = 487, Model check failed (inverse: Marginal)
  saved (5 s; batch 34.0 min)
[16/24] pp10mm_D40  (18:40:36)
      emmField 1/5  nominal      loaded    29 nodes     0.5 s
      emmField 2/5  ln beta + h  loaded    29 nodes     0.4 s
      emmField 3/5  ln beta - h  loaded    29 nodes     0.4 s
      emmField 4/5  ln R + h     loaded    29 nodes     0.4 s
      emmField 5/5  ln R - h     loaded    29 nodes     0.5 s
      emmField 1/1  nominal      loaded    57 nodes     0.4 s
      emmField 1/5  nominal      loaded    29 nodes     0.5 s
      emmField 2/5  ln beta + h  loaded    29 nodes     0.6 s
      emmField 3/5  ln beta - h  loaded    29 nodes     0.5 s
      emmField 4/5  ln R + h     loaded    29 nodes     0.4 s
      emmField 5/5  ln R - h     loaded    29 nodes     0.5 s
  node grid ...... PASS (d = 0.000658, max |dT|/|T| = 9.75e-07)
  truncation ..... FAIL (sigma 4.2e-02 rel, d_W 1.8e-03 abs, class Not identifiable; feature bias d = 3.05, max |dT|/|T| = 1.52e-03)
  alpha .......... PASS ([1.95 13.15])
  E1 metrics ..... sigma = [14.501% 0.090%], d_W = 0.098, kappa = 2.58e+04, Model check failed (inverse: Not identifiable)
  saved (6 s; batch 34.1 min)
[17/24] pp5mm_D100  (18:40:42)
      emmField 1/5  nominal      loaded    29 nodes     0.6 s
      emmField 2/5  ln beta + h  loaded    29 nodes     0.5 s
      emmField 3/5  ln beta - h  loaded    29 nodes     0.5 s
      emmField 4/5  ln R + h     loaded    29 nodes     0.5 s
      emmField 5/5  ln R - h     loaded    29 nodes     0.5 s
      emmField 1/1  nominal      loaded    57 nodes     0.4 s
      emmField 1/5  nominal      loaded    29 nodes     0.5 s
      emmField 2/5  ln beta + h  loaded    29 nodes     0.5 s
      emmField 3/5  ln beta - h  loaded    29 nodes     0.4 s
      emmField 4/5  ln R + h     loaded    29 nodes     0.4 s
      emmField 5/5  ln R - h     loaded    29 nodes     0.5 s
  node grid ...... PASS (d = 0.00241, max |dT|/|T| = 4.30e-06)
  truncation ..... PASS (sigma 1.4e-03 rel, d_W 4.9e-04 abs, class Identifiable; feature bias d = 3.69, max |dT|/|T| = 1.07e-03)
  alpha .......... PASS ([1.95 13.15])
  E1 metrics ..... sigma = [0.088% 0.022%], d_W = 0.167, kappa = 96.6, Identifiable
  saved (6 s; batch 34.2 min)
[18/24] modelFloe_E0.5GPa  (18:40:48)
      emmField 1/5  nominal      loaded    29 nodes     0.5 s
      emmField 2/5  ln beta + h  loaded    29 nodes     0.5 s
      emmField 3/5  ln beta - h  loaded    29 nodes     0.5 s
      emmField 4/5  ln R + h     loaded    29 nodes     0.4 s
      emmField 5/5  ln R - h     loaded    29 nodes     0.5 s
      emmField 1/1  nominal      loaded    57 nodes     0.4 s
      emmField 1/5  nominal      loaded    29 nodes     0.5 s
      emmField 2/5  ln beta + h  loaded    29 nodes     0.5 s
      emmField 3/5  ln beta - h  loaded    29 nodes     0.5 s
      emmField 4/5  ln R + h     loaded    29 nodes     0.4 s
      emmField 5/5  ln R - h     loaded    29 nodes     0.4 s
  node grid ...... PASS (d = 0.0172, max |dT|/|T| = 1.78e-05)
  truncation ..... FAIL (sigma 2.3e-01 rel, d_W 1.2e-02 abs, class Not identifiable; feature bias d = 15.2, max |dT|/|T| = 4.03e-03)
  alpha .......... PASS ([1.95 13.15])
  E1 metrics ..... sigma = [75.906% 0.088%], d_W = 0.134, kappa = 1.44e+06, Model check failed (inverse: Not identifiable)
  saved (6 s; batch 34.3 min)
[19/24] modelFloe_E1.5GPa  (18:40:54)
      emmField 1/5  nominal      loaded    29 nodes     0.6 s
      emmField 2/5  ln beta + h  loaded    29 nodes     0.5 s
      emmField 3/5  ln beta - h  loaded    29 nodes     0.5 s
      emmField 4/5  ln R + h     loaded    29 nodes     0.5 s
      emmField 5/5  ln R - h     loaded    29 nodes     0.5 s
      emmField 1/1  nominal      loaded    57 nodes     0.5 s
      emmField 1/5  nominal      loaded    29 nodes     0.5 s
      emmField 2/5  ln beta + h  loaded    29 nodes     0.5 s
      emmField 3/5  ln beta - h  loaded    29 nodes     0.6 s
      emmField 4/5  ln R + h     loaded    29 nodes     0.5 s
      emmField 5/5  ln R - h     loaded    29 nodes     0.5 s
  node grid ...... PASS (d = 0.0172, max |dT|/|T| = 1.78e-05)
  truncation ..... FAIL (sigma 2.7e-01 rel, d_W 9.6e-03 abs, class Not identifiable; feature bias d = 15.5, max |dT|/|T| = 4.09e-03)
  alpha .......... PASS ([1.95 13.15])
  E1 metrics ..... sigma = [44.020% 0.068%], d_W = 0.130, kappa = 4.84e+05, Model check failed (inverse: Not identifiable)
  saved (6 s; batch 34.4 min)
[20/24] modelFloe_E3.0GPa  (18:41:00)
      emmField 1/5  nominal      loaded    29 nodes     0.3 s
      emmField 2/5  ln beta + h  loaded    29 nodes     0.2 s
      emmField 3/5  ln beta - h  loaded    29 nodes     0.2 s
      emmField 4/5  ln R + h     loaded    29 nodes     0.2 s
      emmField 5/5  ln R - h     loaded    29 nodes     0.3 s
      emmField 1/1  nominal      loaded    57 nodes     0.2 s
      emmField 1/5  nominal      loaded    29 nodes     0.2 s
      emmField 2/5  ln beta + h  loaded    29 nodes     0.2 s
      emmField 3/5  ln beta - h  loaded    29 nodes     0.2 s
      emmField 4/5  ln R + h     loaded    29 nodes     0.3 s
      emmField 5/5  ln R - h     loaded    29 nodes     0.2 s
  node grid ...... PASS (d = 0.0182, max |dT|/|T| = 1.80e-05)
  truncation ..... FAIL (sigma 1.3e-01 rel, d_W 6.3e-03 abs, class Not identifiable; feature bias d = 17.5, max |dT|/|T| = 4.16e-03)
  alpha .......... PASS ([1.95 13.15])
  E1 metrics ..... sigma = [64.511% 0.107%], d_W = 0.132, kappa = 1.04e+06, Model check failed (inverse: Not identifiable)
  saved (3 s; batch 34.5 min)
[21/24] miz_R10_h1  (18:41:04)
      emmField 1/5  nominal      loaded    29 nodes     0.5 s
      emmField 2/5  ln beta + h  loaded    29 nodes     0.5 s
      emmField 3/5  ln beta - h  loaded    29 nodes     0.5 s
      emmField 4/5  ln R + h     loaded    29 nodes     0.5 s
      emmField 5/5  ln R - h     loaded    29 nodes     0.5 s
      emmField 1/1  nominal      loaded    57 nodes     0.5 s
      emmField 1/5  nominal      loaded    29 nodes     0.5 s
      emmField 2/5  ln beta + h  loaded    29 nodes     0.5 s
      emmField 3/5  ln beta - h  loaded    29 nodes     0.5 s
      emmField 4/5  ln R + h     loaded    29 nodes     0.5 s
      emmField 5/5  ln R - h     loaded    29 nodes     0.5 s
  node grid ...... PASS (d = 0.000112, max |dT|/|T| = 1.06e-07)
  truncation ..... FAIL (sigma 2.9e-02 rel, d_W 2.7e-03 abs, class Not identifiable; feature bias d = 5.06, max |dT|/|T| = 2.70e-03)
  alpha .......... PASS ([3.24 13.15])
  E1 metrics ..... sigma = [12.761% 0.236%], d_W = 0.031, kappa = 2.93e+03, Model check failed (inverse: Not identifiable)
  saved (6 s; batch 34.6 min)
[22/24] miz_R25_h1  (18:41:10)
      emmField 1/5  nominal      loaded    29 nodes     0.3 s
      emmField 2/5  ln beta + h  loaded    29 nodes     0.2 s
      emmField 3/5  ln beta - h  loaded    29 nodes     0.2 s
      emmField 4/5  ln R + h     loaded    29 nodes     0.3 s
      emmField 5/5  ln R - h     loaded    29 nodes     0.3 s
      emmField 1/1  nominal      loaded    57 nodes     0.2 s
      emmField 1/5  nominal      loaded    29 nodes     0.3 s
      emmField 2/5  ln beta + h  loaded    29 nodes     0.2 s
      emmField 3/5  ln beta - h  loaded    29 nodes     0.2 s
      emmField 4/5  ln R + h     loaded    29 nodes     0.2 s
      emmField 5/5  ln R - h     loaded    29 nodes     0.3 s
  node grid ...... PASS (d = 0.00179, max |dT|/|T| = 3.25e-06)
  truncation ..... PASS (sigma 1.3e-03 rel, d_W 7.5e-04 abs, class Identifiable; feature bias d = 10.5, max |dT|/|T| = 1.83e-03)
  alpha .......... PASS ([3.24 13.15])
  E1 metrics ..... sigma = [0.141% 0.028%], d_W = 0.092, kappa = 33.8, Identifiable
  saved (3 s; batch 34.7 min)
[23/24] miz_R50_h1  (18:41:13)
      emmField 1/5  nominal      loaded    29 nodes     0.6 s
      emmField 2/5  ln beta + h  loaded    29 nodes     0.5 s
      emmField 3/5  ln beta - h  loaded    29 nodes     0.5 s
      emmField 4/5  ln R + h     loaded    29 nodes     0.5 s
      emmField 5/5  ln R - h     loaded    29 nodes     0.5 s
      emmField 1/1  nominal      loaded    57 nodes     0.5 s
      emmField 1/5  nominal      loaded    29 nodes     0.5 s
      emmField 2/5  ln beta + h  loaded    29 nodes     0.5 s
      emmField 3/5  ln beta - h  loaded    29 nodes     0.5 s
      emmField 4/5  ln R + h     loaded    29 nodes     0.5 s
      emmField 5/5  ln R - h     loaded    29 nodes     0.5 s
  node grid ...... PASS (d = 0.00323, max |dT|/|T| = 1.86e-05)
  truncation ..... PASS (sigma 2.9e-04 rel, d_W 1.9e-05 abs, class Identifiable; feature bias d = 4.71, max |dT|/|T| = 2.69e-03)
  alpha .......... PASS ([3.24 13.15])
  E1 metrics ..... sigma = [0.058% 0.011%], d_W = 0.428, kappa = 141, Identifiable
  saved (6 s; batch 34.8 min)
[24/24] miz_R25_h05_E3  (18:41:19)
      emmField 1/5  nominal      loaded    29 nodes     0.6 s
      emmField 2/5  ln beta + h  loaded    29 nodes     0.5 s
      emmField 3/5  ln beta - h  loaded    29 nodes     0.5 s
      emmField 4/5  ln R + h     loaded    29 nodes     0.5 s
      emmField 5/5  ln R - h     loaded    29 nodes     0.5 s
      emmField 1/1  nominal      loaded    57 nodes     0.5 s
      emmField 1/5  nominal      loaded    29 nodes     0.5 s
      emmField 2/5  ln beta + h  loaded    29 nodes     0.5 s
      emmField 3/5  ln beta - h  loaded    29 nodes     0.5 s
      emmField 4/5  ln R + h     loaded    29 nodes     0.5 s
      emmField 5/5  ln R - h     loaded    29 nodes     0.5 s
  node grid ...... PASS (d = 0.00182, max |dT|/|T| = 3.11e-06)
  truncation ..... PASS (sigma 3.2e-04 rel, d_W 2.3e-05 abs, class Identifiable; feature bias d = 7.74, max |dT|/|T| = 1.43e-03)
  alpha .......... PASS ([3.14 13.15])
  E1 metrics ..... sigma = [0.135% 0.030%], d_W = 0.219, kappa = 302, Identifiable
  saved (6 s; batch 34.9 min)

Batch finished in 34.9 min: 24 computed, 0 loaded, 0 failed, 0 not run

  table saved: C:\Users\amird\OneDrive\Documents\EEE4022S\Analysis\test_repo\Inverse Mapping\Parameter Inversion\Results\A1\A1_scenarios.csv
  table saved: C:\Users\amird\OneDrive\Documents\EEE4022S\Analysis\test_repo\Inverse Mapping\Parameter Inversion\Results\A1\A1_validity.csv
  table saved: C:\Users\amird\OneDrive\Documents\EEE4022S\Analysis\test_repo\Inverse Mapping\Parameter Inversion\Results\A1\A1_equivalent.csv

  A1 reporting labels (final class of the run; robust-class note added where it applies):
    ring_beta_x0.25            Identifiable
    ring_beta_x0.5             Identifiable
    ring_beta_x2               Identifiable
    ring_beta_x4               Identifiable
    ring_R_x0.5                Identifiable
    ring_R_x0.75               Identifiable
    ring_R_x1.5                Identifiable
    ring_R_x2                  Marginal
    corner_beta_x0.5_R_x0.5    Identifiable
    corner_beta_x0.5_R_x2      Not identifiable (class robust to truncation; sigma not converged)
    corner_beta_x2_R_x0.5      Identifiable
    corner_beta_x2_R_x2        Identifiable
    basin_p0                   Identifiable
    pp3mm_R072                 Identifiable
    pp5mm_D40                  Model check failed
    pp10mm_D40                 Not identifiable (class robust to truncation; sigma not converged)
    pp5mm_D100                 Identifiable
    modelFloe_E0.5GPa          Not identifiable (class robust to truncation; sigma not converged)
    modelFloe_E1.5GPa          Not identifiable (class robust to truncation; sigma not converged)
    modelFloe_E3.0GPa          Not identifiable (class robust to truncation; sigma not converged)
    miz_R10_h1                 Not identifiable (class robust to truncation; sigma not converged)
    miz_R25_h1                 Identifiable
    miz_R50_h1                 Identifiable
    miz_R25_h05_E3             Identifiable
  stiffness cliff in R/l_f: largest R/l_f with sigma_lnbeta > 5%: 0.654; smallest with <= 1.25%: 1.64 (no scenario in between)
  table saved: C:\Users\amird\OneDrive\Documents\EEE4022S\Analysis\test_repo\Inverse Mapping\Parameter Inversion\Results\A1\A1_reporting.csv
  figure 1 saved: C:\Users\amird\OneDrive\Documents\EEE4022S\Analysis\test_repo\Inverse Mapping\Parameter Inversion\Results\A1\figures\A1_fig1_identifiability_map (.pdf, .png)
  figure 2 saved: C:\Users\amird\OneDrive\Documents\EEE4022S\Analysis\test_repo\Inverse Mapping\Parameter Inversion\Results\A1\figures\A1_fig2_uncertainty_vs_size (.pdf, .png)
  figure 3 saved: C:\Users\amird\OneDrive\Documents\EEE4022S\Analysis\test_repo\Inverse Mapping\Parameter Inversion\Results\A1\figures\A1_fig3_bias_vs_kR (.pdf, .png)
  figure 4 saved: C:\Users\amird\OneDrive\Documents\EEE4022S\Analysis\test_repo\Inverse Mapping\Parameter Inversion\Results\A1\figures\A1_fig4_physical_classes (.pdf, .png)

A1: Floe-property and domain sweep
run 20261008_180633, MATLAB 25.1.0.2973910 (R2025a) Update 1, code commit 0389536, 2122 s

Sensing fixed: Level 2C fractions of each true R, reference s26, lsm6dsv16x noise, N = 65536, L = 2048. Model checks: node grid feature d < 0.1; truncation metrics converged (sigma 1%, d_W 0.02, class); alpha in [1.70, 13.85]. Truncation feature bias reported for V1, not gated.
Scenarios with results: 24 of 24 (failed: 0).
Final classes: Identifiable 16, Marginal 1, Not identifiable 0, Model check failed 7.

scenario                   group       b/b0     R/R0  sig lnb  sig lnR     d_W  kR pk    R/l_f    kappa  final class (inverse class if different)
ring_beta_x0.25            ring        0.25        1   0.074%   0.012%   0.280   1.84    6.542  1.3e+02  Identifiable
ring_beta_x0.5             ring         0.5        1   0.054%   0.010%   0.382   1.84    5.501       87  Identifiable
ring_beta_x2               ring           2        1   0.053%   0.009%   0.445   1.84    3.890  1.1e+02  Identifiable
ring_beta_x4               ring           4        1   0.062%   0.012%   0.420   1.84    3.271  1.4e+02  Identifiable
ring_R_x0.5                ring           1      0.5   0.131%   0.034%   0.114   0.92    2.313       90  Identifiable
ring_R_x0.75               ring           1     0.75   0.077%   0.015%   0.337   1.38    3.470  1.7e+02  Identifiable
ring_R_x1.5                ring           1      1.5   0.044%   0.007%   0.332   2.75    6.939       86  Identifiable
ring_R_x2                  ring           1        2   0.042%   0.006%   0.667   3.67    9.252  1.2e+02  Marginal
corner_beta_x0.5_R_x0.5    corner       0.5      0.5   0.147%   0.037%   0.170   0.92    2.751    2e+02  Identifiable
corner_beta_x0.5_R_x2      corner       0.5        2   0.049%   0.005%   1.066   3.67   11.003  1.6e+02  Model check failed (inverse: Not identifiable; truncation: sigma 0.01 rel, d_W 0.0063 abs, class Not identifiable)
corner_beta_x2_R_x0.5      corner         2      0.5   0.126%   0.030%   0.098   0.92    1.945       41  Identifiable
corner_beta_x2_R_x2        corner         2        2   0.038%   0.006%   0.291   3.67    7.780       87  Identifiable
basin_p0                   basin          1        1   0.050%   0.008%   0.436   1.84    4.626       83  Identifiable
pp3mm_R072                 tank       0.698        1   0.049%   0.009%   0.420   1.84    5.061       76  Identifiable
pp5mm_D40                  tank        3.23    0.278   1.754%   0.080%   0.115   0.51    0.958  4.9e+02  Model check failed (inverse: Marginal; truncation: sigma 0.013 rel, d_W 0.00017 abs, class Marginal)
pp10mm_D40                 tank        25.8    0.278  14.501%   0.090%   0.098   0.51    0.570  2.6e+04  Model check failed (inverse: Not identifiable; truncation: sigma 0.042 rel, d_W 0.0018 abs, class Not identifiable)
pp5mm_D100                 tank        3.23    0.694   0.088%   0.022%   0.167   1.27    2.396       97  Identifiable
modelFloe_E0.5GPa          tank         551    0.306  75.906%   0.088%   0.134   0.56    0.292  1.4e+06  Model check failed (inverse: Not identifiable; truncation: sigma 0.23 rel, d_W 0.012 abs, class Not identifiable) [provisional]
modelFloe_E1.5GPa          tank    1.65e+03    0.306  44.020%   0.068%   0.130   0.56    0.222  4.8e+05  Model check failed (inverse: Not identifiable; truncation: sigma 0.27 rel, d_W 0.0096 abs, class Not identifiable) [provisional]
modelFloe_E3.0GPa          tank    3.31e+03    0.306  64.511%   0.107%   0.132   0.56    0.186    1e+06  Model check failed (inverse: Not identifiable; truncation: sigma 0.13 rel, d_W 0.0063 abs, class Not identifiable) [provisional]
miz_R10_h1                 miz         5.23    0.214  12.761%   0.236%   0.031   0.39    0.654  2.9e+03  Model check failed (inverse: Not identifiable; truncation: sigma 0.029 rel, d_W 0.0027 abs, class Not identifiable)
miz_R25_h1                 miz         5.23    0.535   0.141%   0.028%   0.092   0.98    1.635       34  Identifiable
miz_R50_h1                 miz         5.23     1.07   0.058%   0.011%   0.428   1.96    3.270  1.4e+02  Identifiable
miz_R25_h05_E3             miz        0.328    0.535   0.135%   0.030%   0.219   0.98    3.270    3e+02  Identifiable

Recorded hypothesis (model floe near rigid in the basin band; beta weak, R may remain): modelFloe_E0.5GPa sigma_lnbeta / sigma_lnR = 861; modelFloe_E1.5GPa sigma_lnbeta / sigma_lnR = 647; modelFloe_E3.0GPa sigma_lnbeta / sigma_lnR = 604.

MIZ cases are Froude-scaled basin-equivalent evaluations (regime and domain screening). Equivalent full scale:
  miz_R10_h1             depth 122 m, Hs 3.25 m, Tp 10.1 s, record 880 min, dt 0.81 s, periods 6.1-12.5 s
  miz_R25_h1             depth 122 m, Hs 3.25 m, Tp 10.1 s, record 880 min, dt 0.81 s, periods 6.1-12.5 s
  miz_R50_h1             depth 122 m, Hs 3.25 m, Tp 10.1 s, record 880 min, dt 0.81 s, periods 6.1-12.5 s
  miz_R25_h05_E3         depth 122 m, Hs 3.24 m, Tp 10.1 s, record 880 min, dt 0.81 s, periods 6.1-12.5 s

Files written by this run:
  A1_equivalent.csv
  A1_reporting.csv
  A1_scenarios.csv
  A1_validity.csv
  figures/A1_fig1_identifiability_map.pdf
  figures/A1_fig1_identifiability_map.png
  figures/A1_fig2_uncertainty_vs_size.pdf
  figures/A1_fig2_uncertainty_vs_size.png
  figures/A1_fig3_bias_vs_kR.pdf
  figures/A1_fig3_bias_vs_kR.png
  figures/A1_fig4_physical_classes.pdf
  figures/A1_fig4_physical_classes.png

  saved C:\Users\amird\OneDrive\Documents\EEE4022S\Analysis\test_repo\Inverse Mapping\Parameter Inversion\Results\A1\A1_20261008_180633.mat and _summary.txt
