
==== D2: Record duration and Welch segment length ====
  started 2026-10-08 17:39:56 on MATLAB 25.1.0.2973910 (R2025a) Update 1, code commit e9eacc7
  results in C:\Users\amird\OneDrive\Documents\EEE4022S\Analysis\test_repo\Inverse Mapping\Parameter Inversion\Results\D2

Step 1: admissible (K >= 8) combinations: 24 of 28
  T (min)       10     20     30     60    109    180    240
  L 512    K      22     45     69    139    255    420    561
  L 1024   K      10     22     34     69    127    209    280
  L 2048   K       4     10     16     34     63    104    139
  L 4096   K       1      4      7     16     31     51     69

Step 2: sweep, 6 noise cases x 24 admissible (L, T)
  datasheet   done (109 min, L = 2048: sigma_lnbeta 0.0002, d_W 1.209, Not identifiable)
  fused3      done (109 min, L = 2048: sigma_lnbeta 0.0004, d_W 0.487, Identifiable)
  lsm6dsv16x  done (109 min, L = 2048: sigma_lnbeta 0.0005, d_W 0.436, Identifiable)
  g3          done (109 min, L = 2048: sigma_lnbeta 0.0006, d_W 0.391, Identifiable)
  icm42688p   done (109 min, L = 2048: sigma_lnbeta 0.0006, d_W 0.387, Identifiable)
  lsm6ds3trc  done (109 min, L = 2048: sigma_lnbeta 0.0015, d_W 0.237, Identifiable)

Step 3: scaling check: s_max sqrt(N_eff - 1) varies by at most 0.00%, d_W / sqrt(N_eff - 1) by 0.00%
  table saved: C:\Users\amird\OneDrive\Documents\EEE4022S\Analysis\test_repo\Inverse Mapping\Parameter Inversion\Results\D2\D2_sweep.csv
  table saved: C:\Users\amird\OneDrive\Documents\EEE4022S\Analysis\test_repo\Inverse Mapping\Parameter Inversion\Results\D2\D2_min_duration.csv
  table saved: C:\Users\amird\OneDrive\Documents\EEE4022S\Analysis\test_repo\Inverse Mapping\Parameter Inversion\Results\D2\D2_rmse_optimal_L.csv
  figure 1 saved: C:\Users\amird\OneDrive\Documents\EEE4022S\Analysis\test_repo\Inverse Mapping\Parameter Inversion\Results\D2\figures\D2_fig1_duration_lsm6dsv16x (.pdf, .png)
  figure 2 saved: C:\Users\amird\OneDrive\Documents\EEE4022S\Analysis\test_repo\Inverse Mapping\Parameter Inversion\Results\D2\figures\D2_fig2_identifiable_window (.pdf, .png)

D2: Record duration and Welch segment length
run 20261008_173956, MATLAB 25.1.0.2973910 (R2025a) Update 1, code commit e9eacc7, 196 s

Setting: p0, Level 2C (ref s26), JONSWAP Hs 0.05 m, omega_p 5.0 rad/s; admitted if K >= 8.
Engine scaling at fixed L: s_max sqrt(N_eff - 1) within 0.00%, d_W / sqrt(N_eff - 1) within 0.00%.

HEADLINE: shortest record classified Identifiable, preferred L, and the production verdict
  datasheet    15.4 min with L = 2048 | 109 min, L = 2048: Not identifiable (d_W 1.21 > 0.5); at 109 min use L = 4096
  fused3       7.7 min with L = 1024 | 109 min, L = 2048: Identifiable; 109 min is 14.2x the shortest identifiable record (7.7 min, L = 1024)
  lsm6dsv16x   7.7 min with L = 1024 | 109 min, L = 2048: Identifiable; 109 min is 14.2x the shortest identifiable record (7.7 min, L = 1024)
  g3           7.7 min with L = 1024 | 109 min, L = 2048: Identifiable; 109 min is 14.2x the shortest identifiable record (7.7 min, L = 1024)
  icm42688p    7.7 min with L = 1024 | 109 min, L = 2048: Identifiable; 109 min is 14.2x the shortest identifiable record (7.7 min, L = 1024)
  lsm6ds3trc   5.2 min with L = 512 | 109 min, L = 2048: Identifiable; 109 min is 21.0x the shortest identifiable record (5.2 min, L = 512)

(1) Shortest record (min) with sigma_lnbeta <= 1% (precision only; * = set by the K >= 8 rule)
  noise case        L=512    L=1024    L=2048    L=4096
  datasheet          3.9*      7.7*     15.4*     30.8*
  fused3             3.9*      7.7*     15.4*     30.8*
  lsm6dsv16x         3.9*      7.7*     15.4*     30.8*
  g3                 3.9*      7.7*     15.4*     30.8*
  icm42688p          3.9*      7.7*     15.4*     30.8*
  lsm6ds3trc          5.2      7.7*     15.4*     30.8*

(2) Identifiable window [T_lo, T_hi] (min) per L: sigma <= 1%, d_W <= 0.5, kappa <= 1e8
  noise case              L=512          L=1024          L=2048          L=4096
  datasheet               never           never    [15.4, 22.1]   [30.8, 300.3]
  fused3                  never     [7.7, 11.0]   [15.4, 116.0]    [30.8, >600]
  lsm6dsv16x              never     [7.7, 15.3]   [15.4, 143.3]    [30.8, >600]
  g3                      never     [7.7, 22.1]   [15.4, 177.4]    [30.8, >600]
  icm42688p               never     [7.7, 23.0]   [15.4, 180.9]    [30.8, >600]
  lsm6ds3trc         [5.2, 8.1]     [7.7, 52.0]   [15.4, 474.4]    [30.8, >600]
  (windows close because d_W grows with record length at fixed L; searched to 600 min)

(3) RMSE-optimal L (ln beta) at each grid duration
  noise case      10min   20min   30min   60min  109min  180min  240min
  datasheet        1024    2048    2048    4096    4096    4096    4096
  fused3           1024    2048    2048    4096    4096    4096    4096
  lsm6dsv16x       1024    2048    2048    4096    4096    4096    4096
  g3               1024    2048    2048    4096    4096    4096    4096
  icm42688p        1024    2048    2048    4096    4096    4096    4096
  lsm6ds3trc       1024    2048    2048    2048    4096    4096    4096

Old local rule d ~ 0.26 sqrt(N/65536)(2048/L)^2 vs engine (G3 noise): ratio 0.44 to 1.07.

Files written by this run:
  D2_min_duration.csv
  D2_rmse_optimal_L.csv
  D2_sweep.csv
  figures/D2_fig1_duration_lsm6dsv16x.pdf
  figures/D2_fig1_duration_lsm6dsv16x.png
  figures/D2_fig2_identifiable_window.pdf
  figures/D2_fig2_identifiable_window.png

  saved C:\Users\amird\OneDrive\Documents\EEE4022S\Analysis\test_repo\Inverse Mapping\Parameter Inversion\Results\D2\D2_20261008_173956.mat and _summary.txt
